RESERVED.FRM
DELETE.FRM
block.FRM
block2.FRM
block3.FRM
block4.FRM
block5.FRM
blkexit.FRM
TRAP001.FRM
TRAP002.FRM
TRAP003.FRM
TRAP004.FRM
TRAP005.FRM
TRAP006.FRM
TRAP007.FRM
PLAN000.FRM
PLAN001.FRM
TRAP008.FRM
TRAP009.FRM
TRAP010.FRM
CARGENER.FRM
BARREL.FRM
WEED000.FRM
WEED001.FRM
WEED002.FRM
WEED003.FRM
WEED004.FRM
WEED005.FRM
WEED006.FRM
WEED007.FRM
WEED008.FRM
WEED009.FRM
WEED010.FRM
WEED011.FRM
WEED012.FRM
WEED013.FRM
WEED014.FRM
WEED015.FRM
WEED016.FRM
WEED017.FRM
WEED018.FRM
WEED019.FRM
WEED020.FRM
WEED021.FRM
WEED022.FRM
WEED023.FRM
WEED024.FRM
WEED025.FRM
WEED026.FRM
WEED027.FRM
WEED028.FRM
WEED029.FRM
WEED030.FRM
WEED031.FRM
WEED032.FRM
WEED033.FRM
WEED034.FRM
WEED035.FRM
WEED036.FRM
WEED037.FRM
CACTUS00.FRM
WEED038.FRM
ROKS001.FRM
ROKS002.FRM
ROKS003.FRM
ROKS004.FRM
ROKS005.FRM
ROKS006.FRM
ROKS007.FRM
CACTUS01.FRM
CACTUS02.FRM
CACTUS03.FRM
CACTUS04.FRM
CACTUS05.FRM
TREE001.FRM
TREE002.FRM
TREE003.FRM
TREE004.FRM
FENCE001.FRM
FENCE002.FRM
FENCE003.FRM
FENCE004.FRM
FENCE005.FRM
FENCE006.FRM
FENCE007.FRM
FENCE008.FRM
FENCE009.FRM
TREE005.FRM
TREE006.FRM
TREE007.FRM
TREE008.FRM
TREE009.FRM
TREE010.FRM
TREE011.FRM
TREE012.FRM
TREE013.FRM
TREE014.FRM
TREE015.FRM
TREE016.FRM
TREE017.FRM
LEP001.FRM
LEP002.FRM
LEP003.FRM
LEP004.FRM
LEP005.FRM
LEP006.FRM
LEP007.FRM
LEP008.FRM
LEP009.FRM
LEP010.FRM
LEP011.FRM
LEP012.FRM
CONUS1.FRM
CONUS2.FRM
CONUS3.FRM
BOARD001.FRM
BOARD002.FRM
BOARD003.FRM
BOARD004.FRM
BOARD005.FRM
BOARD006.FRM
BOARD007.FRM
BOARD008.FRM
BOARD009.FRM
BOARD010.FRM
BOARD011.FRM
BOARD012.FRM
BOARD013.FRM
BOARD014.FRM
BOARD015.FRM
BOARD016.FRM
BOARD017.FRM
BOARD018.FRM
BOARD019.FRM
BOARD020.FRM
BOARD021.FRM
BOARD022.FRM
BOARD023.FRM
BOARD024.FRM
BOARD025.FRM
BOARD026.FRM
BOARD027.FRM
BOARD028.FRM
BOARD029.FRM
BOARD030.FRM
BOARD031.FRM
BOARD032.FRM
BOARD033.FRM
BOARD034.FRM
BOARD035.FRM
BOARD036.FRM
BOARD037.FRM
BOARD038.FRM
BOARD039.FRM
BOARD040.FRM
BOARD041.FRM
BOARD042.FRM
BOARD043.FRM
BOARD044.FRM
BOARD045.FRM
BOARD046.FRM
BOARD047.FRM
BOARD048.FRM
BOARD049.FRM
BOARD050.FRM
BOARD051.FRM
BOARD052.FRM
BOARD053.FRM
BOARD054.FRM
BOARD055.FRM
BOARD056.FRM
BOARD057.FRM
BOARD058.FRM
BOARD059.FRM
BOARD060.FRM
BOARD061.FRM
BOARD062.FRM
BOARD063.FRM
BOARD064.FRM
BOARD065.FRM
BOARD066.FRM
BOARD067.FRM
BOARD068.FRM
BOARD069.FRM
BOARD070.FRM
BOARD071.FRM
BOARD072.FRM
scrpblud.FRM                      ;NOTUSEDANYMORE!!!
BOARD073.FRM
BOARD074.FRM
GENER000.FRM
GENER001.FRM
GENER002.FRM
GENER003.FRM
GENER004.FRM
GENER005.FRM
GENER006.FRM
GENER007.FRM
GENER008.FRM
GENER009.FRM
SIGN001.FRM
SIGN002.FRM
SIGN003.FRM
SIGN004.FRM
SIGN005.FRM
SIGN006.FRM
SIGN007.FRM
SIGN008.FRM
SIGN009.FRM
SIGN010.FRM
SIGN011.FRM
SIGN012.FRM
SIGN013.FRM
SIGN014.FRM
SIGN015.FRM
SIGN016.FRM
SIGN017.FRM
SIGN018.FRM
SIGN019.FRM
SIGN020.FRM
SIGN021.FRM
CAR100.FRM
CAR101.FRM
CAR102.FRM
CAR103.FRM
CAR104.FRM
CAR110.FRM
CAR111.FRM
CAR112.FRM
CAR113.FRM
CAR114.FRM
CAR200.FRM
CAR201.FRM
CAR202.FRM
CAR210.FRM
CAR211.FRM
CAR212.FRM
CAR300.FRM
CAR301.FRM
CAR302.FRM
CAR400.FRM
CAR401.FRM
CAR402.FRM
CAR403.FRM
CAR501.FRM
CAR502.FRM
CAR600.FRM
CAR601.FRM
CAR602.FRM
CAR610.FRM
CAR611.FRM
CAR705.FRM
CAR700.FRM
CAR701.FRM
CAR702.FRM
CAR703.FRM
CAR704.FRM
CARJUNK1.FRM
CARJUNK2.FRM
CARJUNK3.FRM
CARJUNK4.FRM
CARJUNK5.FRM
CARJUNK6.FRM
YPOLE1.FRM
YPOLE2.FRM
YPOLE3.FRM
YPOLE4.FRM
YPOLE5.FRM
YPOLE6.FRM
WOODFIRE.FRM
ROKS101.FRM
ROKS102.FRM
ROKS103.FRM
ROKS104.FRM
ROKS105.FRM
MOUNT01.FRM
MOUNT02.FRM
MOUNT03.FRM
MOUNT04.FRM
MOUNT05.FRM
MOUNT06.FRM
MOUNT07.FRM
MOUNT08.FRM
ROKS106.FRM
MOUNT10.FRM
MOUNT11.FRM
MOUNT12.FRM
MOUNT13.FRM
MOUNT14.FRM
ROKS201.FRM
ROKS202.FRM
ROKS203.FRM
ROKS204.FRM
ROKS205.FRM
ROKS206.FRM
ROKS207.FRM
CSTALAG1.FRM
CSTALAG2.FRM
CSTALAG3.FRM
CSTALAG4.FRM
CAVWATER.FRM
CVWEED01.FRM
CVWEED02.FRM
CVWEED03.FRM
CVWEED04.FRM
CVWEED05.FRM
CVWEED06.FRM
CVWEED07.FRM
CVWEED08.FRM
CVWEED09.FRM
CVWEED10.FRM
CVWEED11.FRM
CVWEED12.FRM
CVWEED13.FRM
MOUNT15.FRM
MOUNT16.FRM
RAIDPIT1.FRM
RAIDPIT2.FRM
CAVBRAC1.FRM
CAVBRAC2.FRM
CAVBRAC3.FRM
CAVBRAC4.FRM
CAVBRAC5.FRM
CAVBRAC6.FRM
CAVBRAC7.FRM
CAVELV01.FRM
CAVELV02.FRM
CAVELV03.FRM
CAVELV04.FRM
CAVELV05.FRM
MINECRT1.FRM
MINECRT2.FRM
MINECRT3.FRM
MINECRT4.FRM
SHORJNK1.FRM
SHORJNK2.FRM
SHORJNK3.FRM
SHORJNK4.FRM
SHORJNK5.FRM
SHORJNK6.FRM
SHORJNK7.FRM
ROKS301.FRM
ROKS302.FRM
ROKS303.FRM
ROKS304.FRM
ROKS305.FRM
ROKS306.FRM
WELL01.FRM
TOILET61.FRM
WDBEAM01.FRM
WDBEAM02.FRM
WDBEAM03.FRM
WDBEAM04.FRM
WDBEAM05.FRM
WDBEAM06.FRM
WDBEAM07.FRM
WDBEAM08.FRM
WDBEAM09.FRM
WDBEAM10.FRM
WDBEAM11.FRM
WDBEAM12.FRM
WDBEAM13.FRM
WDBEAM14.FRM
WDBEAM15.FRM
WDBEAM16.FRM
WDBEAM17.FRM
WDBEAM18.FRM
WDBEAM19.FRM
WDBEAM20.FRM
WDBEAM21.FRM
WDBEAM22.FRM
WDBEAM23.FRM
WDBEAM24.FRM
WDBEAM25.FRM
WDBEAM26.FRM
WDBEAM27.FRM
WDBEAM28.FRM
WDBEAM29.FRM
WDBEAM30.FRM
WDBEAM31.FRM
WDBEAM32.FRM
WDBEAM33.FRM
WDBEAM34.FRM
WDBEAM35.FRM
CORN01.FRM
CORN02.FRM
CORN03.FRM
CORN04.FRM
CORN05.FRM
CORN06.FRM
CORN07.FRM
CORN08.FRM
FARM001.FRM
FARM002.FRM
FARM003.FRM
FARM004.FRM
FARM005.FRM
FARM006.FRM
FARM101.FRM
FARM102.FRM
FARM103.FRM
FARM104.FRM
GATE01.FRM
GATE02.FRM
GATE03.FRM
GATE04.FRM
GATE05.FRM
GATE06.FRM
GATE07.FRM
GATE08.FRM
GATE09.FRM
CCART01.FRM
CCART02.FRM
CCART03.FRM
CCART04.FRM
CCART05.FRM
CCART06.FRM
CCART07.FRM
CCART08.FRM
CCART09.FRM
CCART10.FRM
TRACK01.FRM
TRACK02.FRM
TRACK03.FRM
TRACK04.FRM
SIGN022.FRM
SHIT001.FRM
SHIT002.FRM
SHIT003.FRM
SHIT004.FRM
SHIT005.FRM
SHIT006.FRM
SHIT007.FRM
SHIT008.FRM
SHIT009.FRM
SHIT010.FRM
SHIT011.FRM
SHIT012.FRM
SHIT013.FRM
SHIT014.FRM
SHIT015.FRM
SHIT016.FRM
SHIT017.FRM
SHIT018.FRM
SHIT019.FRM
SHIT020.FRM
BLOOD01.FRM
BLOOD02.FRM
BLOOD03.FRM
BLOOD04.FRM
BLOOD05.FRM
BLOOD06.FRM
BLOOD07.FRM
BLOOD08.FRM
BLOOD09.FRM
BODY000.FRM
BODY001.FRM
BODY002.FRM
BODY003.FRM
BODY004.FRM
BODY005.FRM
BODY006.FRM
BODY007.FRM
BONE01.FRM
BONE02.FRM
BONE03.FRM
BONE04.FRM
BONE05.FRM
BONE06.FRM
BONE07.FRM
BONE08.FRM
BONE09.FRM
BODY100.FRM
BODY101.FRM
BODY102.FRM
BODY103.FRM
BODY104.FRM
BODY105.FRM
CROSS01.FRM
CROSS02.FRM
CROSS03.FRM
CROSS04.FRM
CROSS05.FRM
CROSS06.FRM
CROSS07.FRM
CROSS08.FRM
CROSS09.FRM
CROSS10.FRM
VLTSEC00.FRM
VLTSEC01.FRM
VLTSEC02.FRM
VLTSEC10.FRM
VLTSEC11.FRM
VLTSEC12.FRM
VLTSEC20.FRM
VLTSEC21.FRM
VLTSEC22.FRM
VLTSEC30.FRM
VLTSEC31.FRM
VLTSEC32.FRM
VLTSEC04.FRM
VLTSEC14.FRM
VLTSEC24.FRM
VLTSEC34.FRM
VLTDOR10.FRM
VLTDOR11.FRM
VLTDOR12.FRM
VLTDOR13.FRM
VLTDOR20.FRM
VLTDOR21.FRM
VLTDOR22.FRM
VLTDOR23.FRM
VLTWIN01.FRM
VLTWIN02.FRM
VLTWIN03.FRM
VLTWIN04.FRM
VLTWIN05.FRM
VLTWIN06.FRM
VLTWIN07.FRM
VLTWIN11.FRM
VLTWIN12.FRM
VLTWIN13.FRM
VLTWIN16.FRM
VLTWIN17.FRM
VLTWIN20.FRM
VLTLVL00.FRM
VLTLVL01.FRM
VLTLVL02.FRM
VLTLVL03.FRM
VLTLVL04.FRM
VLTLVL10.FRM
VLTLVL11.FRM
VLTLVL12.FRM
VLTLVL13.FRM
VLTLVL14.FRM
VLTLVL20.FRM
VLTLVL21.FRM
VLTLVL22.FRM
VLTLVL23.FRM
VLTLVL24.FRM
VLTCLN01.FRM
VLTCLN02.FRM
VLTCLN03.FRM
VLTCLN04.FRM
VLTCLN11.FRM
VLTCLN12.FRM
VLTCLN13.FRM
VLTCLN14.FRM
VLTCLN21.FRM
VLTCLN22.FRM
VLTCLN23.FRM
VLTCLN24.FRM
VLTGIZ00.FRM
VLTGIZ01.FRM
VLTGIZ02.FRM
VLTGIZ10.FRM
VLTGIZ11.FRM
VLTGIZ12.FRM
VLTGIZ20.FRM
VLTGIZ21.FRM
VLTGIZ22.FRM
VLTVNT01.FRM
VLTVNT02.FRM
VLTVNT03.FRM
VLTVNT04.FRM
VLTVNT05.FRM
VLTVNT11.FRM
VLTVNT12.FRM
VLTVNT13.FRM
VLTVNT14.FRM
VLTVNT15.FRM
VLTVNT21.FRM
VLTVNT22.FRM
VLTVNT23.FRM
VLTVNT24.FRM
VLTVNT25.FRM
VLTVNT30.FRM
VLTVNT31.FRM
VLTVNT32.FRM
MEDTBL01.FRM
MEDTBL02.FRM
MEDTBL03.FRM
MEDTBL04.FRM
MEDTBL05.FRM
MEDTBL06.FRM
MEDTBL07.FRM
MEDTBL08.FRM
ZERKAL1.FRM
ZERKAL2.FRM
ZERKAL3.FRM
ZERKAL4.FRM
ZERKAL5.FRM
ZERKAL6.FRM
TOILET01.FRM
TOILET02.FRM
TOILET03.FRM
TOILET04.FRM
TOILET11.FRM
TOILET12.FRM
TOILET13.FRM
TOILET14.FRM
TOILET21.FRM
TOILET22.FRM
TOILET23.FRM
TOILET24.FRM
TOILET31.FRM
TOILET32.FRM
TOILET33.FRM
TOILET34.FRM
TOILET35.FRM
TOILET36.FRM
TOILET37.FRM
TOILET38.FRM
VLTBED01.FRM
VLTBED02.FRM
VLTBED03.FRM
VLTBED04.FRM
VLTBED05.FRM
VLTBED06.FRM
VLTBED07.FRM
VLTBED08.FRM
VLTBED09.FRM
VLTBED10.FRM
VLTBED11.FRM
VLTBED12.FRM
VLTBED13.FRM
VLTBED14.FRM
VLTBED15.FRM
VLTBED16.FRM
VLTTBL01.FRM
VLTTBL02.FRM
VLTTBL03.FRM
VLTTBL04.FRM
VLTTBL05.FRM
VLTTBL06.FRM
VLTTBL11.FRM
VLTTBL12.FRM
VLTTBL13.FRM
VLTTBL14.FRM
VLTTBL15.FRM
VLTTBL16.FRM
VLTTBL17.FRM
VLTTBL18.FRM
VLTTBL21.FRM
VLTTBL22.FRM
VLTCHR01.FRM
VLTCHR02.FRM
VLTCHR03.FRM
VLTCHR04.FRM
VLTCHR11.FRM
VLTCHR12.FRM
VLTCHR13.FRM
VLTCHR14.FRM
VLTCHR21.FRM
VLTCHR22.FRM
VLTCHR23.FRM
VLTCHR24.FRM
VLTCHR31.FRM
VLTCHR32.FRM
VLTCHR33.FRM
VLTCHR34.FRM
VLTCHR41.FRM
VLTCHR42.FRM
VLTCHR43.FRM
VLTCHR44.FRM
VLTCHR51.FRM
VLTCHR52.FRM
VLTCHR53.FRM
VLTCHR54.FRM
MONITR1.FRM
MONITR2.FRM
MONITR3.FRM
MONITR4.FRM
MONITR5.FRM
MONITR6.FRM
MONITR7.FRM
MONITR8.FRM
COMP01.FRM
COMP02.FRM
COMP03.FRM
COMP04.FRM
COMP05.FRM
COMP06.FRM
COMP11.FRM
COMP12.FRM
COMP13.FRM
COMP14.FRM
COMP15.FRM
COMP16.FRM
COMP17.FRM
COMP18.FRM
COMP21.FRM
COMP22.FRM
COMP31.FRM
COMP32.FRM
COMP33.FRM
COMP34.FRM
COMP35.FRM
COMP36.FRM
COMP37.FRM
COMP38.FRM
COMP41.FRM
COMP42.FRM
COMP43.FRM
COMP44.FRM
COMP45.FRM
COMP46.FRM
COMP47.FRM
COMP48.FRM
COMP51.FRM
COMP52.FRM
COMP53.FRM
COMP54.FRM
COMP55.FRM
COMP56.FRM
VLTTEC01.FRM
VLTTEC02.FRM
VLTTEC03.FRM
VLTTEC04.FRM
VLTTEC05.FRM
VLTTEC06.FRM
VLTTEC07.FRM
VLTTEC08.FRM
VLTTEC09.FRM
VLTTEC10.FRM
VLTTEC11.FRM
VLTTEC12.FRM
VLTTEC13.FRM
VLTTEC14.FRM
VLTTEC15.FRM
VLTTEC16.FRM
VLTTEC17.FRM
VLTTEC18.FRM
VLTTEC19.FRM
VLTTEC20.FRM
VLTTEC21.FRM
VLTTEC22.FRM
VLTTEC23.FRM
VLTTEC24.FRM
VLTTEC25.FRM
FFIELD01.FRM
FFIELD02.FRM
FFIELD03.FRM
FFIELD04.FRM
FFIELD05.FRM
FFIELD06.FRM
FFIELD07.FRM
FFIELD08.FRM
STEAM01.FRM
STEAM02.FRM
MBLIGHT1.FRM
MBLIGHT2.FRM
MBLIGHT3.FRM
MBLIGHT4.FRM
PSWITCH.FRM
GTANK01.FRM
GTANK02.FRM
ROBCOMP1.FRM
ROBCOMP2.FRM
ROBCOMP3.FRM
ROBCOMP4.FRM
ROBCOMP5.FRM
ROBCOMP6.FRM
LSRWIR01.FRM
LSRWIR02.FRM
RNGR151.FRM
STMAIN01.FRM
STMAIN02.FRM
STMAIN03.FRM
STMAIN04.FRM
COMP23.FRM
COMP24.FRM
COMP57.FRM
COMP58.FRM
STCOMP05.FRM
STCOMP06.FRM
STCOMP07.FRM
STCOMP08.FRM
STCOMP09.FRM
STCOMP10.FRM
WIRE01.FRM
WIRE02.FRM
WIRE03.FRM
WIRE04.FRM
WIRE05.FRM
VERTI01.FRM
VERTI02.FRM
VERTI03.FRM
VERTI04.FRM
VERTI05.FRM
VERTI06.FRM
VERTI07.FRM
VERTI08.FRM
VERTI09.FRM
STAIR09.FRM
STAIR10.FRM
ROPE.FRM
STAIR01.FRM
STAIR02.FRM
STAIR03.FRM
STAIR04.FRM
STAIR05.FRM
STAIR06.FRM
STAIR07.FRM
STAIR08.FRM
STHOLE01.FRM
STHOLE02.FRM
STHOLE03.FRM
STHOLE04.FRM
STHOLE05.FRM
STHOLE06.FRM
STHOLE07.FRM
STHOLE08.FRM
STHOLE09.FRM
CAVEHOLA.FRM
CAVEHOLB.FRM
STRSGN01.FRM
STRSGN02.FRM
STRSGN03.FRM
STRSGN04.FRM
STRSGN05.FRM
STRSGN06.FRM
STRSGN07.FRM
STRSGN08.FRM
STRSGN09.FRM
STRSGN10.FRM
STRSGN11.FRM
STRSGN12.FRM
STRSGN13.FRM
STRSGN14.FRM
STRSGN15.FRM
STRSGN16.FRM
STRLIT01.FRM
STRLIT02.FRM
STRLIT03.FRM
STRLIT04.FRM
STRLIT05.FRM
STRLIT06.FRM
STRLIT07.FRM
STRLIT08.FRM
STRLIT09.FRM
FIREHY.FRM
MAILBX.FRM
NEWSP1.FRM
NEWSP2.FRM
NEWSP3.FRM
NEWSP4.FRM
NEWSP5.FRM
NEWSP6.FRM
CLOSED01.FRM
CLOSED02.FRM
CLOSED03.FRM
CLOSED04.FRM
CLOSED05.FRM
CLOSED06.FRM
CLOSED07.FRM
CLOSED08.FRM
CLOSED09.FRM
CLOSED10.FRM
CLOSED11.FRM
CLOSED12.FRM
CLOSED13.FRM
FORK01.FRM
TRASH02.FRM
TRASH03.FRM
TRASH04.FRM
TRASH05.FRM
TRASH06.FRM
TRASH07.FRM
TRASH08.FRM
TRASH09.FRM
TRASH10.FRM
TRASH11.FRM
TRASH12.FRM
TRASH13.FRM
TRASH14.FRM
TRASH15.FRM
DOOR207.FRM
STELBAR1.FRM
STELBAR2.FRM
STELBAR3.FRM
STELBAR4.FRM
STELBAR5.FRM
STELBAR6.FRM
STELBAR7.FRM
STELBAR8.FRM
STELBAR9.FRM
DOOR001.FRM
DOOR002.FRM
DOOR003.FRM
DOOR004.FRM
DOOR005.FRM
DOOR006.FRM
DOOR007.FRM
DOOR008.FRM
DOOR009.FRM
DOOR010.FRM
DOOR011.FRM
DOOR012.FRM
DOOR013.FRM
DOOR014.FRM
DOOR015.FRM
DOOR016.FRM
DOOR101.FRM
DOOR102.FRM
DOOR103.FRM
DOOR104.FRM
DOOR105.FRM
DOOR201.FRM
DOOR202.FRM
DOOR203.FRM
DOOR204.FRM
DOOR205.FRM
DOOR206.FRM
WLAMP1.FRM
WLAMP2.FRM
WLAMP3.FRM
WLAMP4.FRM
WLAMP5.FRM
WLAMP6.FRM
WLAMP7.FRM
WLAMP8.FRM
BED001.FRM
BED002.FRM
BED003.FRM
BED004.FRM
BED101.FRM
BED102.FRM
BED103.FRM
BED104.FRM
BED201.FRM
BED202.FRM
BED203.FRM
BED204.FRM
HJUNK001.FRM
HJUNK002.FRM
HJUNK003.FRM
HJUNK004.FRM
HJUNK005.FRM
HJUNK006.FRM
HJUNK007.FRM
COLA.FRM
TABLE001.FRM
TABLE002.FRM
TABLE003.FRM
TABLE004.FRM
TABLE005.FRM
TABLE006.FRM
TABLE101.FRM
TABLE102.FRM
TABLE103.FRM
TABLE104.FRM
TABLE105.FRM
TABLE106.FRM
TABLE107.FRM
TABLE108.FRM
TABLE109.FRM
TABLE110.FRM
TABLE111.FRM
TABLE112.FRM
CHAIR001.FRM
CHAIR002.FRM
CHAIR003.FRM
CHAIR004.FRM
CHAIR005.FRM
CHAIR006.FRM
CHAIR007.FRM
CHAIR008.FRM
CHAIR009.FRM
CHAIR010.FRM
CHAIR011.FRM
CHAIR012.FRM
CHAIR013.FRM
CHAIR014.FRM
CHAIR015.FRM
CHAIR016.FRM
CHAIR017.FRM
CHAIR018.FRM
CHAIR019.FRM
CHAIR020.FRM
CHAIR021.FRM
CHAIR022.FRM
CHAIR023.FRM
CHAIR024.FRM
CHAIR025.FRM
CHAIR101.FRM
CHAIR102.FRM
CHAIR103.FRM
CHAIR104.FRM
CHAIR105.FRM
CHAIR106.FRM
CHAIR107.FRM
SSTOVE1.FRM
SSTOVE2.FRM
SSTOVE3.FRM
SSTOVE4.FRM
SSTOVE5.FRM
SSTOVE6.FRM
SSTOVE7.FRM
SSTOVE8.FRM
TOILET39.FRM
TOILET40.FRM
TOILET51.FRM
TOILET52.FRM
TOILET53.FRM
TOILET54.FRM
ZERKAL7.FRM
ZERKAL8.FRM
TV01.FRM
TV02.FRM
BAR01.FRM
BAR02.FRM
BAR03.FRM
MOTO00.FRM
MDESK1.FRM
MDESK2.FRM
FORK00.FRM
WAREH01.FRM
WAREH02.FRM
WAREH03.FRM
WAREH04.FRM
WAREH05.FRM
WAREH06.FRM
WAREH07.FRM
WAREH08.FRM
WAREH09.FRM
WAREH10.FRM
WAREH11.FRM
WAREH12.FRM
SHLF001.FRM
SHLF002.FRM
SHLF003.FRM
SHLF004.FRM
SHLF101.FRM
SHLF102.FRM
SHLF103.FRM
SHLF104.FRM
SHLF105.FRM
SHLF106.FRM
SHLF107.FRM
SHLF108.FRM
BOXES001.FRM
BOXES002.FRM
BOXES003.FRM
BOXES004.FRM
BOXES005.FRM
BOXES006.FRM
BOXES007.FRM
BOXES008.FRM
BOXES101.FRM
BOXES102.FRM
BOXES103.FRM
BOXES104.FRM
BOXES105.FRM
BOXES106.FRM
BOXES107.FRM
BOXES108.FRM
PODDON01.FRM
PODDON02.FRM
PODDON03.FRM
PODDON04.FRM
PODDON05.FRM
MACH01.FRM
MACH02.FRM
MACH03.FRM
MACH04.FRM
MACH05.FRM
MACH06.FRM
MACH07.FRM
MACH08.FRM
BARREL01.FRM
BARREL02.FRM
BARREL03.FRM
BARREL04.FRM
BARREL05.FRM
BARREL06.FRM
BARREL07.FRM
BARREL08.FRM
GOOP01.FRM
GOOP02.FRM
GOOP03.FRM
GOOP04.FRM
GOOP05.FRM
GOOP06.FRM
GOOP07.FRM
GENERAT1.FRM
GENERAT2.FRM
GENERAT3.FRM
EXSTR01.FRM
EXSTR02.FRM
EXSTR03.FRM
EXSTR04.FRM
EXSTR05.FRM
EXSTR06.FRM
EXSTR07.FRM
EXSTR08.FRM
EXSTR09.FRM
EXSTR10.FRM
EXSTR11.FRM
GAMTBL01.FRM
GAMTBL02.FRM
GAMTBL03.FRM
GAMTBL04.FRM
GAMTBL05.FRM
GAMTBL11.FRM
GAMTBL12.FRM
GAMTBL13.FRM
GAMTBL14.FRM
GAMTBL15.FRM
GAMTBL16.FRM
GAMTBL17.FRM
GAMTBL18.FRM
GAMTBL21.FRM
GAMTBL22.FRM
GAMMACH1.FRM
GAMMACH2.FRM
GAMMACH3.FRM
GAMMACH4.FRM
SEWER01.FRM
SEWER02.FRM
SEWER03.FRM
SEWER04.FRM
SEWER05.FRM
SEWER06.FRM
SEWER07.FRM
SEWER08.FRM
SEWER09.FRM
SEWER10.FRM
SEWER11.FRM
SEWER12.FRM
BOS0000.FRM
BOS0001.FRM
BOS0002.FRM
BOS0003.FRM
BOS0004.FRM
BOS0005.FRM
BOS0006.FRM
BOS0007.FRM
NEXT1.FRM
NEXT2.FRM
NEXT3.FRM
PLAN002.FRM
PLAN003.FRM
PLAN004.FRM
PLAN005.FRM
PLAN006.FRM
SHOR001.FRM
SHOR002.FRM
SHOR003.FRM
SHOR004.FRM
SHOR005.FRM
SHOR006.FRM
SIGN100.FRM
SIGN101.FRM
SIGN102.FRM
SIGN103.FRM
SIGN104.FRM
SIGN105.FRM
SIGN106.FRM
SIGN107.FRM
CAR997.FRM
CAR998.FRM
CAR999.FRM
TREE018.FRM
TREE019.FRM
TREE020.FRM
TREE021.FRM
TREE022.FRM
VILLSTRD.FRM
VILLSTRE.FRM
VILLSTRF.FRM
VILLSTRA.FRM
VILLSTRB.FRM
VILLA002.FRM
VILLMET1.FRM
VILLMET2.FRM
VILLDED1.FRM
VILLDED2.FRM
VILLDED3.FRM
VILLA003.FRM
MINE000.FRM
ROKS208.FRM
TRACK05.FRM
FLAG001.FRM
FLAG002.FRM
MINE001.FRM
MINE002.FRM
MINE003.FRM
VILLSTRC.FRM
TRACK06.FRM
TRACK07.FRM
FLAG003.FRM
CCART11.FRM
RADIODST.FRM
RADIOGEN.FRM
MEDTBL09.FRM
TBLDNMT.FRM
FLAG004.FRM
FLAG005.FRM
FLAG006.FRM
FLAG007.FRM
FLAG008.FRM
MINE004.FRM
MINE005.FRM
MINE006.FRM
MINE007.FRM
MINE008.FRM
MINE009.FRM
MINE010.FRM
FLAG009.FRM
FLAG010.FRM
TBLAMMO.FRM
TBLCHIM.FRM
FLAG011.FRM
FLAG012.FRM
FLAG013.FRM
MINE011.FRM
MINE012.FRM
MINE013.FRM
FLAG014.FRM
TRACK08.FRM
FLAG015.FRM
FLAG016.FRM
FLAG017.FRM
FLAG018.FRM
BOOKCAS1.FRM
MINE014.FRM
JCKL1001.FRM
JCKL1002.FRM
JCKL1003.FRM
JCKL1004.FRM
JCKL1005.FRM
JCKL1006.FRM
JCKL1007.FRM
JCKL1008.FRM
JCKL1009.FRM
JCKL1010.FRM
JCKL1011.FRM
JCKL1012.FRM
JCKL1013.FRM
JCKL1014.FRM
VLTLVL25.FRM
VLTLVL26.FRM
VLTLVL27.FRM
BARREL09.FRM
VLTBOARD.FRM
VLTBRCDA.FRM
VLTBRCDB.FRM
VLTARCA.FRM
VLTPST27.FRM
VLTBED20.FRM
VLTBED21.FRM
VLTBED22.FRM
VLTDEAD.FRM
BOOKCAS2.FRM
FUTURA.FRM
FUTURB.FRM
FUTURC.FRM
VLAMP1.FRM
VLAMP2.FRM
VLAMP3.FRM
VLAMP4.FRM
VILLA004.FRM
VILLA001.FRM
DOOR017.FRM
DOOR018.FRM
VILLDRA.FRM
VILLDRB.FRM
BARREL10.FRM
BARREL11.FRM
BARREL12.FRM
BEDMILT1.FRM
BEDMILT2.FRM
BEDMILT3.FRM
NUKBOMB1.FRM
NUKBOMB2.FRM
COMPBIBL.FRM
COMPGLW1.FRM
COMPGLW2.FRM
COMPGLW3.FRM
COMPGLW4.FRM
COMPGLW5.FRM
ZAXDOOR.FRM
TSUN001.FRM
TSUN002.FRM
TSUN003.FRM
TSUN100.FRM
TSUN101.FRM
TSUN102.FRM
TSNDOOR.FRM
TSUN103.FRM
TSUN104.FRM
TSUN105.FRM
TSUN106.FRM
TSNANG01.FRM
TSNANG02.FRM
TSNANG03.FRM
TSNANG04.FRM
TSNANG05.FRM
TSNANG06.FRM
TSNANG07.FRM
TSNANG08.FRM
TSUN200.FRM
TSUN201.FRM
TSUN202.FRM
TSUN107.FRM
TSUN108.FRM
TSUN109.FRM
TSUN110.FRM
TSUN300.FRM
TSUN301.FRM
TSUN302.FRM
TSUN303.FRM
TSUN304.FRM
TSUN111.FRM
TSUN112.FRM
TSUN113.FRM
TSUN114.FRM
TSUN115.FRM
TSUN116.FRM
TSUN117.FRM
TSUN118.FRM
TSUN119.FRM
TSUN120.FRM
TSUN121.FRM
TSUN122.FRM
TSUN123.FRM
TSUN124.FRM
TSUN125.FRM
TSUN126.FRM
TSUN127.FRM
TSUN128.FRM
TSUN129.FRM
TSUN130.FRM
TSUN203.FRM
TSUN204.FRM
TSUN205.FRM
TSUN206.FRM
TSUN207.FRM
TSUN208.FRM
TSUN209.FRM
TSUN004.FRM
TSUN005.FRM
TSUN006.FRM
TSUN400.FRM
TSUN401.FRM
TSUN402.FRM
TSUN403.FRM
TSUN404.FRM
TSUN405.FRM
TSUN406.FRM
TSUN407.FRM
TSUN408.FRM
TSUN409.FRM
TSUN410.FRM
TSUN411.FRM
TSUN412.FRM
TSUN413.FRM
TSUN414.FRM
TSUN415.FRM
TSUN416.FRM
TSUN501.FRM
TSUN502.FRM
TSUN503.FRM
TSUN504.FRM
TSUN505.FRM
TSUN506.FRM
TSUN507.FRM
TSUN508.FRM
TSUN509.FRM
TSUN510.FRM
TSUN511.FRM
TSUN512.FRM
TSUN513.FRM
TSUN521.FRM
TSUN522.FRM
TSUN523.FRM
TSUN524.FRM
TSUN525.FRM
TSUN526.FRM
TSUN527.FRM
TSUN528.FRM
TSUN529.FRM
TSUN530.FRM
TSUN531.FRM
TSUN532.FRM
TSUN533.FRM
TSUN417.FRM
TSUN418.FRM
TSUN419.FRM
TSUN420.FRM
TSUN421.FRM
TSUN422.FRM
TSUN601.FRM
TSUN602.FRM
TSUN603.FRM
TSUN604.FRM
TSUN605.FRM
TSUN606.FRM
TSUN607.FRM
TSUN608.FRM
TSUN609.FRM
TSUN610.FRM
TSUN611.FRM
TSUN612.FRM
SHVLDSTR.FRM
TSUN131.FRM
TSUN132.FRM
TSUN700.FRM
TSUN701.FRM
TSUN702.FRM
TSUN703.FRM
TSUN704.FRM
TSUN705.FRM
TSUN706.FRM
TSUN707.FRM
TSUN708.FRM
RNGR001.FRM
RNGR002.FRM
RNGR003.FRM
RNGR004.FRM
RNGR005.FRM
RNGR006.FRM
RNGR007.FRM
RNGR008.FRM
RNGR009.FRM
RNGR010.FRM
RNGR011.FRM
RNGR012.FRM
RNGR013.FRM
VILLLVL1.FRM
VILLLVL2.FRM
VILLA022.FRM
JCKLPLT1.FRM
JCKLPLT2.FRM
JCKLPLT3.FRM
JCKLPLT4.FRM
JCKLPLT5.FRM
VILLA005.FRM
VILLA006.FRM
VILLA007.FRM
VILLA008.FRM
VILLA009.FRM
VILLA010.FRM
VILLA011.FRM
VILLA012.FRM
VILLA013.FRM
VILLA014.FRM
VILLA015.FRM
VILLA016.FRM
VILLA017.FRM
VILLA018.FRM
VILLA019.FRM
VILLA020.FRM
VILLA021.FRM
VILLA023.FRM
VILLA024.FRM
VILLA025.FRM
MOTO01.FRM
VILLA026.FRM
VILLA027.FRM
VILLA028.FRM
VILLA029.FRM
VILLA030.FRM
VILLA031.FRM
VILLA032.FRM
VILLA033.FRM
PXCULT01.FRM
PXCULT02.FRM
PXCULT03.FRM
EXPRES01.FRM
EXPRES02.FRM
RNGMAPS.FRM
RNGR014.FRM
RNGR015.FRM
RNGR016.FRM
RNGR017.FRM
RNGR018.FRM
RNGR019.FRM
RNGR020.FRM
RNGR100.FRM
RNGR101.FRM
RNGR102.FRM
RNGR103.FRM
RNGR104.FRM
RNGR105.FRM
RNGR106.FRM
RNGR107.FRM
RNGR108.FRM
RNGR109.FRM
RNGR110.FRM
RNGR111.FRM
RNGR112.FRM
RNGR113.FRM
RNGR114.FRM
RNGR115.FRM
RNGR116.FRM
RNGR117.FRM
RNGR118.FRM
RNGR119.FRM
RNGR120.FRM
RNGR121.FRM
RNGR122.FRM
RNGR123.FRM
RNGR124.FRM
RNGR125.FRM
RNGR126.FRM
RNGR127.FRM
RNGR128.FRM
RNGR129.FRM
WALL011.FRM
WALL012.FRM
WALL021.FRM
WALL022.FRM
WALL031.FRM
WALL032.FRM
WALL041.FRM
WALL042.FRM
FLAG019.FRM
FLAG020.FRM
FLAG021.FRM
CAR801.FRM
CAR802.FRM
CAR803.FRM
CAR804.FRM
CAR811.FRM
CAR821.FRM
CAR822.FRM
CAR823.FRM
CAR824.FRM
CAR831.FRM
RNGR130.FRM
RNGR131.FRM
RNGR132.FRM
MEAT000.FRM
RNGR133.FRM
RNGR134.FRM
RNGR135.FRM
RNGR136.FRM
RNGR137.FRM
RNGR138.FRM
VILLA034.FRM
VILLA035.FRM
RNGSTR01.FRM
RNGSTR02.FRM
RNGR139.FRM
RNGR140.FRM
RNGR141.FRM
RNGR142.FRM
RNGR143.FRM
GAR001.FRM
GAR002.FRM
GAR003.FRM
GAR004.FRM
GAR005.FRM
GAR006.FRM
GAR007.FRM
GAR008.FRM
GAR009.FRM
GAR010.FRM
GAR011.FRM
GAR012.FRM
GAR100.FRM
GAR101.FRM
GAR102.FRM
GAR103.FRM
GAR104.FRM
GAR105.FRM
GAR106.FRM
GAR107.FRM
GAR108.FRM
PNX101.FRM
PNX102.FRM
PNX103.FRM
PNX104.FRM
PNX105.FRM
PNX106.FRM
PNX107.FRM
PNX108.FRM
PNX109.FRM
PNX110.FRM
PNX111.FRM
PNX112.FRM
PNX113.FRM
PNX114.FRM
GAR013.FRM
GAR014.FRM
GAR015.FRM
GAR016.FRM
GAR017.FRM
GAR018.FRM
GAR019.FRM
GAR020.FRM
GAR021.FRM
GAR022.FRM
PNX201.FRM
PNX202.FRM
PNX203.FRM
PNX204.FRM
PNX205.FRM
PNX206.FRM
PNX207.FRM
PNX208.FRM
PNX209.FRM
PNX210.FRM
PNX211.FRM
PNX212.FRM
PNX213.FRM
PNX214.FRM
PNX215.FRM
PNX216.FRM
PNX217.FRM
PNX218.FRM
PNX219.FRM
PNX220.FRM
PNX221.FRM
PNX301.FRM
PNX302.FRM
PNX303.FRM
PNX304.FRM
WANTPSTR.FRM
PNX305.FRM
PNX400.FRM
PNX401.FRM
PNX402.FRM
PNX403.FRM
PNX404.FRM
PNX405.FRM
PNX406.FRM
PNX407.FRM
PNX408.FRM
PNX409.FRM
PNX410.FRM
PNX411.FRM
PNX412.FRM
PNX306.FRM
PNX307.FRM
PNX308.FRM
PNX309.FRM
PNX310.FRM
PNX311.FRM
PNX312.FRM
PNX313.FRM
TORPEDA1.FRM
PNX314.FRM
PNX413.FRM
PNX222.FRM
FLAG022.FRM
FLAG023.FRM
FLAG024.FRM
FLAG025.FRM
HERM1001.FRM
HERM1002.FRM
HERM1003.FRM
HERM1004.FRM
HERM1005.FRM
HERM1006.FRM
HERM1007.FRM
HERM1008.FRM
HERM1009.FRM
HERM1010.FRM
PNX315.FRM
HERM2001.FRM
HERM2002.FRM
HERM2003.FRM
HERM2004.FRM
BIBL0401.FRM
BIBL0402.FRM
BIBL0403.FRM
BIBL0404.FRM
BIBL0405.FRM
SIGN023.FRM
SIGN024.FRM
SIGN025.FRM
SIGN026.FRM
GLASS.FRM
BIBL0001.FRM
BIBL0002.FRM
BIBL0003.FRM
BIBL0004.FRM
BIBL0005.FRM
BIBL0006.FRM
BIBL0007.FRM
BIBL0008.FRM
BIBL0009.FRM
BIBL0010.FRM
BIBL0011.FRM
BIBL0012.FRM
BIBL0013.FRM
BIBL0014.FRM
BIBL0015.FRM
CAR503.FRM
CAR504.FRM
SIGN108.FRM
PXCULT04.FRM
PXCULT05.FRM
CRATER.FRM
GAR201.FRM
GAR202.FRM
GAR203.FRM
GAR204.FRM
GAR205.FRM
PXCOM.FRM
SIGN109.FRM
SIGN110.FRM
RNGR144.FRM
RNGR145.FRM
RNGR146.FRM
DOOR106.FRM
DOOR107.FRM
PNX316.FRM
PNX317.FRM
PNX318.FRM
PNX319.FRM
PNX320.FRM
PNX321.FRM
PNX322.FRM
PNX323.FRM
PNX324.FRM
PNX325.FRM
PNX326.FRM
TORPEDA2.FRM
HERM1011.FRM
HERM1012.FRM
TBLUZI.FRM
HERM1013.FRM
HERM1014.FRM
HERM1015.FRM
HERM1016.FRM
HERM1017.FRM
HERM1018.FRM
GAR206.FRM
GAR207.FRM
GAR208.FRM
GAR209.FRM
GAR210.FRM
GAR211.FRM
GAR212.FRM
GAR213.FRM
GRAVE01.FRM
GRAVE02.FRM
SIGNRAD1.FRM
SIGNRAD2.FRM
SCHOOL01.FRM
SCHOOL02.FRM
SCHOOL03.FRM
SCHOOL04.FRM
SCHOOL05.FRM
GAR023.FRM
GRAND001.FRM
GRAND002.FRM
GRAND003.FRM
GRAND004.FRM
TOILET41.FRM
FLAG026.FRM
FLAG027.FRM
FLAG028.FRM
GRAND005.FRM
GRAND006.FRM
GRAND007.FRM
GRAND008.FRM
GRAND009.FRM
GRAND010.FRM
RNGR147.FRM
RNGR148.FRM
INF1001.FRM
SCHOOL09.FRM
INF1003.FRM
GRAND011.FRM
GRAND012.FRM
GRAND013.FRM
GRAND014.FRM
GRAND015.FRM
GRAND016.FRM
GRAND017.FRM
GRAND018.FRM
GRAND019.FRM
GRAND020.FRM
PNX327.FRM
PNX328.FRM
PNX329.FRM
PNX330.FRM
MOTO11.FRM
MOTO12.FRM
MOTO13.FRM
MOTO21.FRM
MOTO22.FRM
MOTO23.FRM
WHOLE.FRM
PNX331.FRM
INF1004.FRM
INF1005.FRM
INF1006.FRM
INF1007.FRM
INF1008.FRM
INF1009.FRM
GAR024.FRM
GAR025.FRM
GAR026.FRM
GAR027.FRM
ARMPWR.FRM
BIBL0101.FRM
BIBL0102.FRM
BIBL0103.FRM
BIBL0104.FRM
BIBL0105.FRM
BIBL0106.FRM
BIBL0107.FRM
INF1010.FRM
PUERT001.FRM
PUERT002.FRM
INF1011.FRM
INF1012.FRM
INF1013.FRM
INF1014.FRM
INF1015.FRM
INF1016.FRM
INF1017.FRM
BIBL0201.FRM
BIBL0202.FRM
BIBL0203.FRM
PNX335.FRM
PNX336.FRM
PNX337.FRM
PNX338.FRM
PNX339.FRM
PNX340.FRM
PNX341.FRM
PNX342.FRM
PNX343.FRM
PNX344.FRM
PNX345.FRM
PNX346.FRM
PNX347.FRM
PNX348.FRM
PNX349.FRM
PNX350.FRM
PNX351.FRM
PNX352.FRM
PNX353.FRM
PNX354.FRM
PNX355.FRM
PNX356.FRM
PNX357.FRM
PNX358.FRM
PNX359.FRM
PNX360.FRM
PNX361.FRM
PNX362.FRM
PNX363.FRM
PNX364.FRM
GAR028.FRM
INF1018.FRM
INF1019.FRM
INF1020.FRM
INF1021.FRM
DOOR108.FRM
DOOR109.FRM
DOOR301.FRM
DOOR302.FRM
DOOR303.FRM
DOOR304.FRM
DOOR305.FRM
DOOR306.FRM
DOOR307.FRM
DOOR308.FRM
BOS0008.FRM
BOS0009.FRM
BOS0010.FRM
BOS0011.FRM
BOS0012.FRM
BOS0013.FRM
BOS0014.FRM
BOS0015.FRM
BOS0016.FRM
FLAG029.FRM
BOS0017.FRM
BOS0018.FRM
BOS0019.FRM
BOS0020.FRM
BOS0021.FRM
BOS0022.FRM
BOS0023.FRM
BOS0024.FRM
BOS0025.FRM
BOS0026.FRM
BOS0027.FRM
BOS0028.FRM
BOS0029.FRM
BOS0030.FRM
BOS0031.FRM
BOS0032.FRM
BOS0033.FRM
BOS0034.FRM
BOS0035.FRM
BOS0036.FRM
BOS0037.FRM
BOS0038.FRM
BOS0039.FRM
BOS0040.FRM
BOS0041.FRM
BOS0042.FRM
BOS0043.FRM
BOS0044.FRM
BOS0045.FRM
BOS0046.FRM
BOS0047.FRM
INF2001.FRM
INF2002.FRM
INF2003.FRM
INF2004.FRM
INF2005.FRM
INF2006.FRM
INF2007.FRM
INF2008.FRM
INF2009.FRM
INF2010.FRM
RNGR021.FRM
GRAND021.FRM
BOS0048.FRM
BOS0049.FRM
BOS0050.FRM
BOS0051.FRM
BOS0052.FRM
BOS0053.FRM
BOS0054.FRM
BOS0055.FRM
BOS0056.FRM
BOS0057.FRM
BOS0058.FRM
BOS0059.FRM
BOS0060.FRM
BOS0061.FRM
BOS0062.FRM
BOS0063.FRM
BOS0064.FRM
BOS0065.FRM
BOS0066.FRM
NUEVO001.FRM
NUEVO002.FRM
NUEVO003.FRM
NUEVO004.FRM
NUEVO005.FRM
BOS0067.FRM
BOS0068.FRM
BOS0069.FRM
DOOR401.FRM
DOOR402.FRM
DOOR403.FRM
DOOR404.FRM
BOS0070.FRM
BOS0071.FRM
BOS1002.FRM
WALL051.FRM
WALL052.FRM
BOS1003.FRM
BOS1004.FRM
BOS1005.FRM
BOS1006.FRM
BOS1007.FRM
BOS1008.FRM
BOS1009.FRM
BOS1010.FRM
BOS1011.FRM
BOS1012.FRM
BOS1013.FRM
BOS1014.FRM
NUEVO006.FRM
TORPEDA3.FRM
TORPEDA4.FRM
PNX501.FRM
PNX502.FRM
PNX503.FRM
PNX504.FRM
PNX505.FRM
PNX506.FRM
NUEVO007.FRM
NUEVO008.FRM
NUEVO009.FRM
NUEVO010.FRM
NUEVO011.FRM
NUEVO012.FRM
NUEVO013.FRM
NUEVO014.FRM
NUEVO015.FRM
NUEVO016.FRM
FLAGMEXI.FRM
RNGR149.FRM
RNGR150.FRM
JCKL1015.FRM
JCKL1016.FRM
NUEVO017.FRM
PNX365.FRM
NUEVO018.FRM
NUEVO019.FRM
GAR029.FRM
PNX366.FRM
BIBL0301.FRM
BIBL0302.FRM
BIBL0303.FRM
BIBL0304.FRM
BIBL0305.FRM
GAR030.FRM
GAR031.FRM
GAR032.FRM
SCHOOL06.FRM
SCHOOL07.FRM
SCHOOL08.FRM
MOTEL100.FRM
MOTEL101.FRM
MOTEL102.FRM
MOTEL103.FRM
MDESK3.FRM
MDESK4.FRM
MOTEL104.FRM
MOTEL105.FRM
MOTEL106.FRM
MOTEL107.FRM
MOTEL108.FRM
SIGN111.FRM
VILLA036.FRM
VILLA037.FRM
VILLA038.FRM
BRAHM001.FRM
BRAHM002.FRM
BRAHM003.FRM
BRAHM004.FRM
BRAHM005.FRM
BRAHM006.FRM
BRAHM007.FRM
BRAHM008.FRM
CAR996.FRM
NUEVO020.FRM
GRAND022.FRM
GRAND023.FRM
BOS0072.FRM
BOS0073.FRM
BRAHM009.FRM
BRAHM010.FRM
BRAHM011.FRM
BRAHM012.FRM
BRAHM013.FRM
BRAHM014.FRM
BRAHM015.FRM
BRAHM016.FRM
BRAHM017.FRM
BRAHM018.FRM
BRAHM019.FRM
BRAHM020.FRM
BRAHM021.FRM
BRAHM022.FRM
BRAHM023.FRM
BIBL0204.FRM
BIBL0205.FRM
BIBL0206.FRM
BIBL0207.FRM
BIBL0208.FRM
BIBL0209.FRM
BIBL0210.FRM
BIBL0211.FRM
BIBL0212.FRM
BIBL0213.FRM
BIBL0214.FRM
FELIP001.FRM
FELIP002.FRM
FELIP003.FRM
BIBL0215.FRM
BIBL0216.FRM
CAR832.FRM
CAR833.FRM
CAR834.FRM
CAR835.FRM
CAR836.FRM
BOS0074.FRM
PNX507.FRM
PNX508.FRM
HERM1019.FRM
HERM1020.FRM
HERM1021.FRM
HERM1022.FRM
BIBL0108.FRM
NUEVO021.FRM
PNX367.FRM
PNX368.FRM
PNX369.FRM
RNGR152.FRM
RNGR153.FRM
FLAG030.FRM
BIBL0217.FRM
BIBL0218.FRM
BIBL0219.FRM
BIBL0220.FRM
BIBL0221.FRM
BRAHM024.FRM
BIBL0406.FRM
PNX115.FRM
PNX116.FRM
RNGR154.FRM
BOS0075.FRM
BOS0076.FRM
BOS0077.FRM
BOS0078.FRM
BOS0079.FRM
TSUN210.FRM
TSUN211.FRM
TSUN212.FRM
TSUN213.FRM
TSUN214.FRM
TSUN215.FRM
TSUN216.FRM
TSUN217.FRM
TSUN218.FRM
PNX509.FRM
GRAND024.FRM
BIBL0501.FRM
BIBL0502.FRM
BIBL0503.FRM
HERM1026.FRM
HERM1025.FRM
HERM1024.FRM
HERM1023.FRM
FELIP004.FRM
WDBEAM36.FRM
WDBEAM37.FRM
WDBEAM38.FRM
WDBEAM39.FRM
WDBEAM40.FRM
WDBEAM41.FRM
NUEVO022.FRM
FELIP005.FRM
FELIP006.FRM
FELIP007.FRM
FELIP008.FRM
GRAND025.FRM
GAR033.FRM
GAR034.FRM
NUEVO023.FRM
NUEVO024.FRM
NUEVO025.FRM
GRAND026.FRM
ANA001.FRM
ANA002.FRM
ANA003.FRM
ANA004.FRM
ANA005.FRM
ANA006.FRM
ANA007.FRM
ANA008.FRM
ANA009.FRM
BRAHM025.FRM
BRAHM026.FRM
BRAHM027.FRM
ANA010.FRM
ANA011.FRM
BOS0080.FRM
BOS0081.FRM
BOS0082.FRM
BOS0083.FRM
BOS0084.FRM
BOS0085.FRM
SANSET01.FRM
FELIP009.FRM
FELIP010.FRM
FELIP011.FRM
VLTVNT33.FRM
VLTVNT34.FRM
DELETE.FRM
DELETE.FRM
DELETE.FRM
DELETE.FRM
DELETE.FRM
DELETE.FRM
DELETE.FRM
DELETE.FRM
DELETE.FRM
DELETE.FRM
DELETE.FRM
DELETE.FRM
DELETE.FRM
DELETE.FRM
DELETE.FRM
DELETE.FRM
DELETE.FRM
DELETE.FRM
DELETE.FRM
DELETE.FRM
DELETE.FRM
DELETE.FRM
DELETE.FRM
DELETE.FRM
DELETE.FRM
DELETE.FRM
DELETE.FRM
DELETE.FRM
MEAT001.FRM
MEAT002.FRM
MEAT003.FRM
MEAT004.FRM
MEAT005.FRM
DELETE.FRM
DELETE.FRM
DELETE.FRM
DELETE.FRM
DELETE.FRM
DELETE.FRM
DELETE.FRM
DELETE.FRM
DELETE.FRM
DAYGL038.FRM
DELETE.FRM
HERM1027.FRM
DELETE.FRM
DELETE.FRM
DELETE.FRM
DELETE.FRM
DELETE.FRM
DELETE.FRM
DELETE.FRM
DELETE.FRM
DELETE.FRM
DELETE.FRM
DELETE.FRM
DELETE.FRM
DELETE.FRM
DELETE.FRM
DELETE.FRM
DELETE.FRM
DELETE.FRM
DELETE.FRM
DELETE.FRM
DELETE.FRM
DELETE.FRM
DELETE.FRM
DELETE.FRM
DELETE.FRM
DELETE.FRM
DELETE.FRM
DELETE.FRM
DELETE.FRM
DELETE.FRM
DELETE.FRM
DELETE.FRM
DELETE.FRM
DELETE.FRM
DELETE.FRM
GASPUMP1.FRM
GASPUMP2.FRM
GASPUMP3.FRM
GASPUMP4.FRM
GASPUMP5.FRM
GASPUMP6.FRM
DELETE.FRM
DELETE.FRM
DELETE.FRM
DELETE.FRM
DELETE.FRM
DELETE.FRM
DELETE.FRM
DELETE.FRM
DELETE.FRM
DELETE.FRM
DELETE.FRM
DELETE.FRM
DELETE.FRM
DELETE.FRM
DELETE.FRM
DELETE.FRM
DELETE.FRM
DELETE.FRM
DELETE.FRM
DELETE.FRM
DELETE.FRM
DELETE.FRM
DELETE.FRM
DELETE.FRM
DELETE.FRM
DELETE.FRM
DELETE.FRM
DELETE.FRM
DELETE.FRM
DELETE.FRM
DELETE.FRM
DELETE.FRM
DELETE.FRM
DELETE.FRM
DELETE.FRM
DELETE.FRM
DELETE.FRM
DELETE.FRM
DELETE.FRM
TSUN423.FRM
DELETE.FRM
DELETE.FRM
DELETE.FRM
DELETE.FRM
DELETE.FRM
DELETE.FRM
DELETE.FRM
DELETE.FRM
DELETE.FRM
DELETE.FRM
DELETE.FRM
DELETE.FRM
DELETE.FRM
DELETE.FRM
DELETE.FRM
VILLA039.FRM
VILLA040.FRM
VILLA041.FRM
DELETE.FRM
DELETE.FRM
DELETE.FRM
DELETE.FRM
DELETE.FRM
DELETE.FRM
DELETE.FRM
DELETE.FRM
DELETE.FRM
DELETE.FRM
DELETE.FRM
DELETE.FRM
ANA012.FRM
ANA013.FRM
ANA014.FRM
DELETE.FRM
DELETE.FRM
DELETE.FRM
DELETE.FRM
MOTEL109.FRM
BOS1015.FRM
BOS1016.FRM
BOS1017.FRM
BOS1018.FRM
BOS1019.FRM
BOS1020.FRM
BOS1021.FRM
BOS1022.FRM