RESERVED.FRM
DELETED.FRM
HOLODISK.FRM
ammo01.FRM
ammo02.FRM
ammo03.FRM
ammo04.FRM
ammo05.FRM
ammo06.FRM
ammo07.FRM
ammo08.FRM
ammo09.FRM
ammo10.FRM
ammo11.FRM
ammo12.FRM
ammo13.FRM
ammo14.FRM
ammo15.FRM
ammo16.FRM
medic01.FRM
medic02.FRM
medic03.FRM
medic04.FRM
medic05.FRM
medic06.FRM
medic07.FRM
medic08.FRM
medic09.FRM
medic10.FRM
medic11.FRM
medic12.FRM
medic13.FRM
wpnPst12.FRM
wpnBrk00.FRM
drink00.FRM
drink01.FRM
drink02.FRM
drink03.FRM
drink04.FRM
drink05.FRM
drink06.FRM
food01.FRM
food02.FRM
food03.FRM
food04.FRM
food05.FRM
food06.FRM
food07.FRM
food08.FRM
food09.FRM
food10.FRM
tool01a.FRM
tool01b.FRM
tool02a.FRM
tool02b.FRM
tool03a.FRM
tool03b.FRM
tool04a.FRM
tool04b.FRM
tool05a.FRM
tool05b.FRM
tool06a.FRM
tool06b.FRM
tool07.FRM
tool08.FRM
tool09.FRM
tool10.FRM
tool11.FRM
tool12.FRM
tool13.FRM
tool14.FRM
tool15.FRM
MANYa.FRM
MANYb.FRM
misc01.FRM
misc02.FRM
misc03.FRM
misc04.FRM
misc05.FRM
misc06.FRM
misc07.FRM
misc08.FRM
misc09.FRM
misc10.FRM
misc11.FRM
misc12.FRM
misc13.FRM
misc14.FRM
misc15.FRM
misc16.FRM
misc17.FRM
misc18.FRM
misc19.FRM
qGlass.FRM
wpnGrd01.FRM
wpnGrd02.FRM
wpnGrd03.FRM
wpnGrd04.FRM
wpnGrd05.FRM
wpnGrd06.FRM
wpnBrk01.FRM
wpnBrk02.FRM
wpnBrk03.FRM
wpnBrk04.FRM
wpnBrk05.FRM
wpnBrk06.FRM
wpnKnf01.FRM
wpnKnf02.FRM
wpnKnf03.FRM
wpnKnf04.FRM
wpnKnf05.FRM
wpnKnf06.FRM
wpnKnf07.FRM
wpnKnf08.FRM
wpnClb01.FRM
wpnClb02.FRM
wpnClb03.FRM
wpnClb04.FRM
wpnClb05.FRM
wpnClb06.FRM
wpnClb07.FRM
wpnPst01.FRM
wpnPst02.FRM
wpnPst03.FRM
wpnPst04.FRM
wpnPst05.FRM
wpnPst06.FRM
wpnPst07.FRM
wpnPst08.FRM
wpnPst09.FRM
wpnPst10.FRM
wpnRfl01.FRM
wpnRfl02.FRM
wpnRfl03.FRM
wpnRfl04.FRM
wpnRfl05.FRM
wpnRfl06.FRM
wpnRfl07.FRM
wpnRfl08.FRM
wpnRfl09.FRM
wpnRfl10.FRM
wpnEng01.FRM
wpnEng02.FRM
wpnEng03.FRM
wpnEng04.FRM
wpnEng05.FRM
wpnEng06.FRM
armMAX01.FRM
armMAX02.FRM
armLTH01.FRM
armLTH02.FRM
armROB01.FRM
armROB02.FRM
armMTL01.FRM
armMTL02.FRM
armCBT01.FRM
armCBT02.FRM
armPWR01.FRM
armPWR02.FRM
armGARB.FRM
armROAD.FRM
quest001.FRM
quest002.FRM
quest003.FRM
quest004.FRM
quest005.FRM
quest006.FRM
quest007.FRM
quest008.FRM
quest009.FRM
tool16.FRM
tool17.FRM
tool18.FRM
tool19.FRM
tool20.FRM
KEY001.FRM
KEY002.FRM
KEY003.FRM
KEY004.FRM
KEY005.FRM
KEY006.FRM
KEY007.FRM
KEY008.FRM
KEY009.FRM
relict01.FRM
relict02.FRM
relict03.FRM
relict04.FRM
relict05.FRM
quest010.FRM
wpnKnf09.FRM
KEY010.FRM
KEY011.FRM
KEY012.FRM
KEY013.FRM
quest011.FRM
KEY014.FRM
quest012.FRM
quest013.FRM
EXPRESS.FRM
CARBAG.FRM
wpnGrd07.FRM
relict06.FRM
quest014.FRM
quest015.FRM
quest016.FRM
quest017.FRM
quest018.FRM
wpnRfl11.FRM
KEY015.FRM
KEY016.FRM
quest019.FRM
quest020.FRM
quest021.FRM
quest022.FRM
quest023.FRM
food11.FRM
food12.FRM
relict07.FRM
relict08.FRM
relict09.FRM
relict10.FRM
quest024.FRM
quest025.FRM
quest026.FRM
quest027.FRM
wpnPst11.FRM
MANYc.FRM
KEY017.FRM
quest028.FRM
quest029.FRM
armNON.FRM
quest030.FRM
quest031.FRM
quest032.FRM
quest033.FRM
quest034.FRM
wpnRfl12.FRM
quest035.FRM
quest036.FRM
quest037.FRM
quest038.FRM
wpnRfl13.FRM
KEY018.FRM
quest039.FRM
quest040.FRM
quest041.FRM
quest042.FRM
quest043.FRM
quest044.FRM
quest045.FRM
quest046.FRM
quest047.FRM
quest048.FRM
quest049.FRM
wpnRfl14.FRM
quest050.FRM
quest051.FRM
KEY019.FRM
wpnEng07.FRM
ammo17.FRM
wpnEng08.FRM
wpnRfl15.FRM
quest052.FRM
quest053.FRM
armIND.FRM
wpnEng09.FRM
quest054.FRM
wpnEng10.FRM
KEY020.FRM
quest055.FRM
wpnEng11.FRM
wpnClb08.FRM
drink07.FRM
quest056.FRM
quest057.FRM
quest058.FRM
wpnEng12.FRM
armCBT03.FRM
armPWR03.FRM
quest059.FRM
quest060.FRM
quest061.FRM
wpnEng13.FRM
KEY021.FRM
KEY022.FRM
wpnBrk07.FRM
quest062.FRM
quest063.FRM
quest064.FRM
caravan1.FRM
caravan2.frm
caravan3.frm
caravan4.FRM
caravan5.frm
armMAX03.frm
acid.FRM
armCBT04.frm
quest065.frm
wpnDiksn.frm