STRENGTH.FRM  ; СТАТ Сила, ПРК Добавить силы
PERCEPTN.FRM  ; СТАТ Восприятие, ПРК Добавить восприятия
ENDUR.FRM     ; СТАТ Выносливость, ПРК Добавить выносливости
CHARISMA.FRM  ; СТАТ Привлекательность, ПРК Добавить привлекательности
INTEL.FRM     ; СТАТ Интеллект, ПРК Добавить интеллекта
AGILITY.FRM   ; СТАТ Ловкость, ПРК Добавить ловкости
LUCK.FRM      ; СТАТ Удача, ПРК Добавить удачи
LEVEL.FRM     ; СТАТ Уровень персонажа, ПРМ Дополнительные очки навыков
EXPER.FRM     ; СТАТ Очки опыта, ПРМ карма
LEVELNXT.FRM  ; СТАТ Следующий уровень
HITPOINT.FRM  ; ПРМ Очки здоровья
POISONED.FRM  ; ПРМ Отравление
RADIATED.FRM  ; ПРМ Лучевая болезнь
EYEDAMAG.FRM  ; ПРМ Повреждение глаз
ARMRIGHT.FRM  ; ПРМ Сломана правая рука
ARMLEFT.FRM   ; ПРМ Сломана левая рука
LEGRIGHT.FRM  ; ПРМ Сломана правая нога
LEGLEFT.FRM   ; ПРМ Сломана левая нога
ARMORCLS.FRM  ; ПРМ Класс брони
ACTIONPT.FRM  ; ПРМ Максимальное число ОД
CARRYAMT.FRM  ; ПРМ Максимальный груз
MELEEDAM.FRM  ; ПРМ Урон х/о
DAMRESIS.FRM  ; ПРМ Сопротивляемость урону
POISNRES.FRM  ; ПРМ Сопротивляемость ядам
SEQUENCE.FRM  ; ПРМ Реакция
HEALRATE.FRM  ; ПРМ Скорость исцеления
CRITCHNC.FRM  ; ПРМ Шанс на критический
SKILLS.FRM    ; ПРМ Раздел навыков, ПРМ Основные навыки, ПРМ Очки навыков
GUNSML.FRM    ; НВК Легкое оружие
GUNBIG.FRM    ; НВК Тяжелое оружие
ENERGYWP.FRM  ; НВК Энергооружие
UNARMED.FRM   ; НВК Рукопашный бой
MELEE.FRM     ; НВК Холодное оружие
THROWING.FRM  ; НВК Метание
FIRSTAID.FRM  ; НВК Первая помощь
DOCTOR.FRM    ; НВК Медицина, ПРК Радиация снижает здоровье I и II
SNEAK.FRM     ; НВК Скрытность
LOCKPICK.FRM  ; НВК Взлом
STEAL.FRM     ; НВК Кража, ПРК Ворюга
TRAPS.FRM     ; НВК Ловушки, ПРК Эксперт по сносу (Эксперт-сапер)
SCIENCE.FRM   ; НВК Эрудиция
REPAIR.FRM    ; НВК Ремонт
SPEECH.FRM    ; НВК Красноречие
BARTER.FRM    ; НВК Торговля, ПРК Переговорщик
GAMBLING.FRM  ; НВК Азартные игры, ПРК Азартный игрок
OUTDOORS.FRM  ; НВК Выживание
KILLS.FRM     ; ПРМ Убито
KARMA.FRM     ; ПРМ Карма
REP.FRM       ; РЕП Карма 1000, ПРМ Раздел репутаций
REPBRSRK.FRM  ; КРМ Берсеркер
REPCHILD.FRM  ; КРМ Детоубийца
REPGOOD.FRM   ; КРМ Чемпион
ALCHOHOL.FRM  ; ПРК Алкоголь понижает здоровье, ПРК Алкоголь понижает здоровье II
ADDICT.FRM    ; ПРМ Раздел зависимостей
TRAITS.FRM    ; ПРМ Раздел трейтов
FASTMETA.FRM  ; ТРТ Ускоренный метаболизм
BRUISER.FRM   ; ТРТ Хулиган
SMLFRAME.FRM  ; ТРТ Миниатюрный
ONEHAND.FRM   ; ТРТ Однорукий
FINESSE.FRM   ; ТРТ Точность
KAMIKAZE.FRM  ; ТРТ Камикадзе
HEAVYHND.FRM  ; ТРТ Тяжелая рука
FASTSHOT.FRM  ; ТРТ Стрельба на вскидку
BLDMESS.FRM   ; ТРТ Кровавая баня
JINXED.FRM    ; ТРТ Порченный, ПРК Порченный
GOODNATR.FRM  ; ТРТ Добрая душа
ADDIST.FRM    ; ТРТ Чувствительность к химии
DRUGREST.FRM  ; ПРМ Сопротивляемость химии
GENERIC.FRM   ; ХХХ Ночное существо
SKILLED.FRM   ; ТРТ Тренированный
GIFTED.FRM    ; ТРТ Одаренный
PERKS.FRM     ; ПРМ Раздел способностей
AWARENES.FRM  ; ПРК Наблюдательность
HND2HND.FRM   ; ПРК Бонус рукопашной атаки
DAMAGE.FRM    ; ПРК Бонус рукопашного урона
BONUSMVE.FRM  ; ПРК Быстрые ноги
BONUSRNG.FRM  ; ПРК Бонус стрелкового урона
BONUSRAT.FRM  ; ПРК Бонус скорострельности
EARLYSEQ.FRM  ; ПРК Быстрая реакция
HEALRATN.FRM  ; ПРК Ускоренное исцеление (Быстрое восстановление)
MORECRIT.FRM  ; ПРК Больше критических
NIGHTVIZ.FRM  ; ПРК Ночное зрение (Кошачий глаз)
PRESENCE.FRM  ; ПРК Внушительность
RADRESIS.FRM  ; ПРМ Сопротивляемость радиации, ПРК Рад-сопротивление (Свинцовая кожа)
TOUGHNES.FRM  ; ПРК Непробиваемость
PACKANIM.FRM  ; ПРК Крепкий хребет
SHARPSHT.FRM  ; ПРК Меткий стрелок
SILNTRUN.FRM  ; ПРК Бесшумный бег
SURVIVAL.FRM  ; ПРК Выживальщик (Мастер выживания)
MSTRTRAD.FRM  ; ПРК Мастер торга (Великий торговец)
EDUCATED.FRM  ; ПРК Образование
HEALER.FRM    ; ПРК Целитель
FORTUNFD.FRM  ; ПРК Чутье старателя
BETRCRIT.FRM  ; ПРК Улучшенный критический
EMPATHY.FRM   ; ТРТ Традиции Виллы (Сексапильность), ПРК Эмпатия
SLAYER.FRM    ; ПРК Смертельный удар
SNIPER.FRM    ; ПРК Снайпер
SILENTD.FRM   ; ПРК Тихая смерть
ACTION.FRM    ; ПРК Человек Действия
MENTALBK.FRM  ; ПРК Стойкий разум в F1
LIFEGIVR.FRM  ; ПРК Чистюля (Источник жизни)
DODGER.FRM    ; ПРК Ловкач
SNAKEEAT.FRM  ; ПРК Прививки от яда (Змееедство)
MRFIXIT.FRM   ; ПРК Компьютерщик (Мастер на все руки)
MEDIC.FRM     ; ПРК Медик, ПРК Очищение, ПРК Очищение II, ПРК Довоенная медицина
MTRTHIEF.FRM  ; ПРК Вор со стажем (Великий вор)
SPEAKER.FRM   ; ПРК Оратор
HEAVEHO.FRM   ; ПРК Размах
BAIKER.FRM    ; ПРК Добрый враг из F1
PICKPOCK.FRM  ; ПРК Карманник
GHOST.FRM     ; ПРК Призрак
CULTOPER.FRM  ; ПРК Забытые заслуги (Культ личности)
SCROUNGR.FRM  ; ПРК Барахольщик в F1
EXPLORER.FRM  ; ПРК Вечный странник (ранее - Неутомимость)
FLOWER.FRM    ; ПРК Реабилитация (Дитя цветов)
PATHFNDR.FRM  ; ПРК Дальние странствия
GHOULA.FRM    ; ПРК Друг зверей (Начало гулификации)
SCOUT.FRM     ; ПРК Разведка пути
STRANGER.FRM  ; ПРК Таинственный незнакомец
RANGER.FRM    ; ПРК Интуиция странника
QUIKPOCK.FRM  ; ПРК Быстрый доступ
SMOOTHTK.FRM  ; ПРК Болтун (Говорун), ПРК Торговец
SWFTLERN.FRM  ; ПРК Быстрое обучение (Прилежный ученик), ПРК Понимание
TAG.FRM       ; ПРК Выбирай! (Приз!)
MUTATE.FRM    ; ПРК Мутация!
BETRAY.FRM    ; РЕП Карма -250, ПРК Зависимость от ядер-колы
BUFFOUTS.FRM  ; ЗВС Зависимость от баффаута
DEFENDER.FRM  ; РЕП Карма 250, ПРК Зависимость от ментата
DEMON.FRM     ; РЕП Карма -1000, ПРК Зависимость от психо
DESPAIR.FRM   ; РЕП Карма -500, ПРК Зависимость от антирадина
GENERIC.FRM   ; ОРЖ Дальнобойность, ХХХ Секс-эксперт в F2
GENERIC.FRM   ; ОРЖ Точность, ХХХ Профессиональный боец в F2
GENERIC.FRM   ; ОРЖ Дальнобойность, ХХХ Жиголо в F2
GENERIC.FRM   ; ОРЖ Оружие отбрасывает врага, ХХХ Грабитель могил в F2
GUARDIAN.FRM  ; РЕП Карма 750, ОРЖ Силовая броня I
IDOLIZED.FRM  ; РЕП Боготворят, ОРЖ Боевая броня
JETADICT.FRM  ; ОРЖ Оптический прицел, ПРК Зависимость от винта
LIKED.FRM     ; РЕП Любят, ОРЖ Ускоренная перезарядка
GENERIC.FRM   ; ОРЖ Прицел ночного виденья, ХХХ Приближенный в F2
GENERIC.FRM   ; ОРЖ Горячий парень, ХХХ Женатый в F2
MENTATS.FRM   ; ЗВС Зависимость от ментатов, ОРЖ Силовая броня II
NEUTRAL.FRM   ; РЕП Репутация равнодушны, ПРК Силовая броня III
NUKACOLA.FRM  ; ЗВС Зависимость от ядер-колы, ПРК Алкоголь повышает здоровье I и II
GENERIC.FRM   ; ХХХ Порнозвезда в F2
PSYCHO.FRM    ; ЗВС Зависимость от психо
RADAWAY.FRM   ; ЗВС Зависимость от антирадина
SCOURGE.FRM   ; РЕП Карма -750
SHLDHOPE.FRM  ; РЕП Карма 500
GENERIC.FRM   ; ХХХ Работорговец
TRAGIC.FRM    ; ХХХ Трагическая зависимость
VILLFIED.FRM  ; РЕП Проклинают
GENERIC.FRM   ; ХХХ Девственник
WANDERER.FRM  ; РЕП Wanderer Rep
HATED.FRM     ; РЕП Недолюбливают
GENERIC.FRM   ; ОРЖ Внушительная броня, ПРК Эксперт Экстрагирования Экскрементов, ПРК Улучшенный нокаут
ADRNRUSH.FRM  ; ПРК Адреналиновый драйв
CAUTIOUS.FRM  ; ПРК Уроки Пустошей
DRMLARMR.FRM  ; ПРК Закаленный боец (Подкожная броня), ПРК Закаленный боец II
GECKOSKN.FRM  ; ПРК Свежевание гекко
H2HEVADE.FRM  ; ПРК Блок удара
HARMLESS.FRM  ; ПРК Безобидный
HERE&NOW.FRM  ; ПРК Здесь и сейчас
HOLLYWD.FRM   ; ПРК Чувствительность (Кармодинамика)
SONORA.FRM    ; ПРК Знаток Соноры (Мастер Камасутры)
LITESTEP.FRM  ; ПРК Легкий шаг (Легкая походка)
LVNGANAT.FRM  ; ПРК Прикладная анатомия (Практическая анатомия)
MAGPERS.FRM   ; ПРК Устрашение (Магнетическая личность)
PACKRAT.FRM   ; ПРК Барахольщик
GHOULC.FRM    ; ПРК Гулификация внешности (Броня Феникса I и II)
PYROMNAC.FRM  ; ПРК Пироман
QWKRECOV.FRM  ; ПРК Быстрый подъем
STONWALL.FRM  ; ПРК Каменная стена
GHOULB.FRM    ; ПРК Гулификация физиологии (Прививки Убежища)
WEPNHAND.FRM  ; ПРК Обращение с оружие
DIVORCED.FRM  ; ХХХ Разведенный в F2
TITUL01.FRM   ; ТТЛ Убийца
TITUL02.FRM   ; ТТЛ Охотник
TITUL03.FRM   ; ТТЛ Истребитель
TITUL04.FRM   ; ТТЛ Святоша
TITUL10.FRM   ; ТТЛ Посвященный Братства Стали
TITUL11.FRM   ; ТТЛ Писец Братства Стали
TITUL12.FRM   ; ТТЛ Рыцарь Братства Стали
TITUL13.FRM   ; ТТЛ Паладин Братства Стали
TITUL14.FRM   ; ТТЛ Разведчик Братства Стали
TITUL15.FRM   ; ТТЛ Предатель Братства Стали
TITUL16.FRM   ; ТТЛ Аризонский рейнджер
TITUL17.FRM   ; ТТЛ Последователь Огня
TITUL18.FRM   ; ТТЛ Воин Дороги
TITUL19.FRM   ; ТТЛ Беглый раб
TITUL20.FRM   ; ТТЛ Перерожденный
TITUL21.FRM   ; ТТЛ Хранитель традиций
TITUL22.FRM   ; ТТЛ Разрушитель традиций
BLDMESX.FRM   ; ТРТ Одиночка (Сексапильность)
BLDMESY.FRM   ; ТРТ Испанский язык (Сексапильность)