BLANK.FRM      ; использовалс€ как указатель вершины дл€ прыгающего курсора MSET000.FRM в демо-версии F1, см также строку 267
MSEF000.FRM    ; шестигранный указатель мыши красный пустой внутри
EGG.FRM        ; эффект полупрозрачного "€йца" вокруг протагониста
MSEF001.FRM    ; шестигранный указатель мыши зеленый (используетс€ в редакторе)
actionh.FRM    ; *** Ќ≈ »—ѕќЋ№«”≈“—я ***
actionm.FRM    ; *** Ќ≈ »—ѕќЋ№«”≈“—я ***
BIGREDUP.FRM   ; FACE больша€ красна€ кнопка, не зажата
BIGREDDN.FRM   ; FACE больша€ красна€ кнопка, зажата
LILREDUP.FRM   ; маленька€ красна€ кнопка, не зажата
LILREDDN.FRM   ; маленька€ красна€ кнопка, зажата
MAPDN.FRM      ; FACE кнопка вызова мини-карты, зажата
MAPHV.FRM      ; *** Ќ≈ »—ѕќЋ№«”≈“—я *** (рудимент демо-версии F1)
MAPMK.FRM      ; *** Ќ≈ »—ѕќЋ№«”≈“—я *** (рудимент демо-версии F1)
MAPUP.FRM      ; FACE кнопка вызова мини-карты, не зажата
ENDTDN.FRM     ; *** Ќ≈ »—ѕќЋ№«”≈“—я ***
ENDTUP.FRM     ; *** Ќ≈ »—ѕќЋ№«”≈“—я ***
IFACE.FRM      ; FACE главна€ панель интерфейса внизу экрана
OPTIDN.FRM     ; FACE кнопка вызова меню опций, зажата
OPTIUP.FRM     ; FACE кнопка вызова меню опций, не зажата
TMAPDN.FRM     ; *** Ќ≈ »—ѕќЋ№«”≈“—я ***
TMAPHV.FRM     ; *** Ќ≈ »—ѕќЋ№«”≈“—я ***
TMAPUP.FRM     ; *** Ќ≈ »—ѕќЋ№«”≈“—я ***
WMAPDN.FRM     ; *** Ќ≈ »—ѕќЋ№«”≈“—я ***
WMAPHV.FRM     ; *** Ќ≈ »—ѕќЋ№«”≈“—я ***
WMAPUP.FRM     ; *** Ќ≈ »—ѕќЋ№«”≈“—я ***
LATTKBDN.FRM   ; *** Ќ≈ »—ѕќЋ№«”≈“—я ***
LATTKBDS.FRM   ; *** Ќ≈ »—ѕќЋ№«”≈“—я ***
LATTKBUP.FRM   ; *** Ќ≈ »—ѕќЋ№«”≈“—я ***
LATTKSDN.FRM   ; *** Ќ≈ »—ѕќЋ№«”≈“—я ***
LATTKSDS.FRM   ; *** Ќ≈ »—ѕќЋ№«”≈“—я ***
LATTKSUP.FRM   ; *** Ќ≈ »—ѕќЋ№«”≈“—я ***
SATTKBDN.FRM   ; FACE панель активной руки, зажата
SATTKBUP.FRM   ; FACE панель активной руки, не зажата
SATTKSUP.FRM   ; *** Ќ≈ »—ѕќЋ№«”≈“—я ***
UATTKBDN.FRM   ; *** Ќ≈ »—ѕќЋ№«”≈“—я ***
UATTKBUP.FRM   ; *** Ќ≈ »—ѕќЋ№«”≈“—я ***
UATTKSDN.FRM   ; *** Ќ≈ »—ѕќЋ№«”≈“—я ***
UATTKSUP.FRM   ; *** Ќ≈ »—ѕќЋ№«”≈“—я ***
KARMAFDR.FRM   ; см KARMAFDR в строке 179 (не смотр€ на дубл€ж, удал€ть нельз€)
TBLCRD.FRM     ; *** Ќ≈ »—ѕќЋ№«”≈“—я *** (в F1 это была взрывающа€с€ голова “има  ейна)
TX_W_B.FRM     ; TEXT очередь
TX_S_A.FRM     ; TEXT удар ногой
TX_P_A.FRM     ; TEXT удар рукой
TX_W_A.FRM     ; TEXT одиночный выстрел
TX_W_F.FRM     ; TEXT свинг
TX_W_E.FRM     ; TEXT колоть
INVBUTDN.FRM   ; FACE кнопка вызова окна инвентар€, зажата
INVBUTUP.FRM   ; FACE кнопка вызова окна инвентар€, не зажата
INVBOX.FRM     ; INV окно инвентар€ протагониста
INVUPOUT.FRM   ; INV кнопка пролистывани€ инвентар€ вверх, не зажата
INVUPIN.FRM    ; INV кнопка пролистывани€ инвентар€ вверх, зажата
INVDNOUT.FRM   ; INV кнопка пролистывани€ инвентар€ вниз, не зажата
INVDNIN.FRM    ; INV кнопка пролистывани€ инвентар€ вниз, зажата
INVUPDS.FRM    ; INV кнопка пролистывани€ инвентар€ вверх, не активна
INVDNDS.FRM    ; INV кнопка пролистывани€ инвентар€ вниз, не активна
autohi.FRM     ; *** Ќ≈ »—ѕќЋ№«”≈“—я ***
CHADN.FRM      ; FACE кнопка вызова окна характеристик, зажата
CHAUP.FRM      ; FACE кнопка вызова окна характеристик, не зажата
PIPDN.FRM      ; FACE кнопка вызова ѕипЅо€, зажата
PIPUP.FRM      ; FACE кнопка вызова ѕипЅо€, не зажата
TINREDDN.FRM   ; крошечна€ красна€ кнопка, зажата
TINREDUP.FRM   ; крошечна€ красна€ кнопка, не зажата
towndim.FRM    ; *** Ќ≈ »—ѕќЋ№«”≈“—я ***
townhi.FRM     ; *** Ќ≈ »—ѕќЋ№«”≈“—я ***
worlddim.FRM   ; *** Ќ≈ »—ѕќЋ№«”≈“—я ***
worldhi.FRM    ; *** Ќ≈ »—ѕќЋ№«”≈“—я ***
LATURBDN.FRM   ; *** Ќ≈ »—ѕќЋ№«”≈“—я ***
LATURBDS.FRM   ; *** Ќ≈ »—ѕќЋ№«”≈“—я ***
LATURBUP.FRM   ; *** Ќ≈ »—ѕќЋ№«”≈“—я ***
LATURSDN.FRM   ; *** Ќ≈ »—ѕќЋ№«”≈“—я ***
LATURSDS.FRM   ; *** Ќ≈ »—ѕќЋ№«”≈“—я ***
LATURSUP.FRM   ; *** Ќ≈ »—ѕќЋ№«”≈“—я ***
SATURBDN.FRM   ; FACE панель активной руки при травме, зажата
SATURBUP.FRM   ; FACE панель активной руки при травме, не зажата
SATURSUP.FRM   ; *** Ќ≈ »—ѕќЋ№«”≈“—я *** FACE мала€ панель активной руки при травме (рудимент F1), не зажата
UATURBDN.FRM   ; *** Ќ≈ »—ѕќЋ№«”≈“—я ***
UATURBUP.FRM   ; *** Ќ≈ »—ѕќЋ№«”≈“—я ***
UATURSDN.FRM   ; *** Ќ≈ »—ѕќЋ№«”≈“—я ***
UATURSUP.FRM   ; *** Ќ≈ »—ѕќЋ№«”≈“—я ***
SATURSDN.FRM   ; *** Ќ≈ »—ѕќЋ№«”≈“—я *** FACE мала€ панель активной руки при травме (рудимент F1), зажата
ACTIONT.FRM    ; *** Ќ≈ »—ѕќЋ№«”≈“—я ***
ACTIONI.FRM    ; *** Ќ≈ »—ѕќЋ№«”≈“—я ***
NUMBERS.FRM    ; FACE цифры дл€ счетчика здоровь€ и брони
HLGRN.FRM      ; FACE лампочка ќƒ зелена€
HLYEL.FRM      ; FACE лампочка ќƒ желта€
HLRED.FRM      ; FACE лампочка ќƒ красна€
PERKWIN.FRM    ; окно выбора новой способности
DI_BGDN1.FRM   ; окно повтора диалога, больша€ кнопка пролистывани€ вниз, не зажата
DI_BGDN2.FRM   ; окно повтора диалога, больша€ кнопка пролистывани€ вниз, зажата
DI_BGUP1.FRM   ; окно повтора диалога, больша€ кнопка пролистывани€ вверх, не зажата
DI_BGUP2.FRM   ; окно повтора диалога, больша€ кнопка пролистывани€ вверх, зажата
DI_DONE1.FRM   ; окно повтора диалога, больша€ кнопка ƒјЋ≈≈, не зажата
DI_DONE2.FRM   ; окно повтора диалога, больша€ кнопка ƒјЋ≈≈, зажата
DI_DOWN1.FRM   ; окно бартера, кнопка пролистывани€ вниз, не зажата
DI_DOWN2.FRM   ; окно бартера, кнопка пролистывани€ вниз, зажата
DI_RDBT1.FRM   ; окно диалога, красна€ кнопка, не зажата
DI_RDBT2.FRM   ; окно диалога, красна€ кнопка, зажата
DI_REST1.FRM   ; кнопка вызова окна с повтором диалога, не зажата
DI_REST2.FRM   ; кнопка вызова окна с повтором диалога, зажата
DI_TALK.FRM    ; окно диалога с выбором ответов, рудимент F1 (хот€ это окно не наблюдаетс€ в игре, сам файл важен дл€ системы)
DI_UP1.FRM     ; окно бартера - кнопка пролистывани€ вверх, не зажата
DI_UP2.FRM     ; окно бартера - кнопка пролистывани€ вверх, зажата
REVIEW.FRM     ; окно повтора диалога
DI_FON.FRM     ; окно диалога - фоновое изображение
ENDANIM.FRM    ; FACE панель ведени€ бо€ с анимацией открыти€ и закрыти€
ENDTURNU.FRM   ; FACE панель ведени€ бо€, кнопка конец хода, не зажата
ENDTURND.FRM   ; FACE панель ведени€ бо€, кнопка конец хода, зажата
ENDCMBTU.FRM   ; FACE панель ведени€ бо€, кнопка конец бо€, не зажата
ENDCMBTD.FRM   ; FACE панель ведени€ бо€, кнопка конец бо€, зажата
ENDLTGRN.FRM   ; FACE панель ведени€ бо€, зеленые огни вокруг панели
ENDLTRED.FRM   ; FACE панель ведени€ бо€, красные огни вокруг панели
BARTER.FRM     ; окно бартера - основной фон
ABOUT.FRM      ; *** Ќ≈ »—ѕќЋ№«”≈“—я *** (окно диалога с выбором ответов из F1)
USE.FRM        ; INV окно использовани€ инвентар€ через рюкзак
LOOT.FRM       ; INV окно обмена инвентарем между √√ и контейнером в F1 (хот€ это окно не наблюдаетс€ в игре, сам файл важен дл€ системы)
HILIGHT1.FRM   ; окно диалога, подсветка сверху
HILIGHT2.FRM   ; окно диалога, подсветка снизу
TX_W_G.FRM     ; TEXT метать
CALLED.FRM     ; окно прицеливани€
SKLDXON.FRM    ; окно выбора навыка, кнопка, зажата
SKLDXOFF.FRM   ; окно выбора навыка, кнопка, не зажата
SKLDXBOX.FRM   ; окно выбора навыка, основной фон
SLU.FRM        ; кнопка со стрелкой влево, не зажата
SLD.FRM        ; кнопка со стрелкой влево, зажата
SRU.FRM        ; кнопка со стрелкой вправо, не зажата
SRD.FRM        ; кнопка со стрелкой вправо, зажата
WARNBOX.FRM    ; FACE панель с текстом предупреждени€
PIP1.FRM       ; PipBoy - основной фон
PIP2.FRM       ; *** Ќ≈ »—ѕќЋ№«”≈“—я *** (PipBoy сообщение с датой из F1)
MONTHS.FRM     ; PipBoy - список мес€цев
NOTENUMS.FRM   ; PipBoy - список цифр дл€ записки
ALARMIN.FRM    ; PipBoy - кнопка будильника, зажата
ALARMOUT.FRM   ; PipBoy - кнопка будильника, не зажата
PIPX.FRM       ; PipBoy - логотип модели 2000
MSEF002.FRM    ; шестигранный указатель мыши красный заполненный внутри
worldmap.FRM   ; *** Ќ≈ »—ѕќЋ№«”≈“—я *** (в F1 это было изображение всей карты мира)
WMAPBOX.FRM    ; карта мира - основной фон интерфейса
wmaplabs.FRM   ; *** Ќ≈ »—ѕќЋ№«”≈“—я *** (список локаций на карте мира в F1)
WMAPLOC.FRM    ; карта мира, курсор в виде маленького креста
WMAPTARG.FRM   ; карта мира, курсор передвижени€ 1
MAINMENU.FRM   ; фон главного меню игры
EBUT_IN.FRM    ; панель лифта - больша€ кнопка лифта, зажата
EBUT_OUT.FRM   ; панель лифта - больша€ кнопка лифта, не зажата
EL_BOS.FRM     ; панель лифта
EL_MAST1.FRM   ; панель лифта
EL_MAST2.FRM   ; панель лифта
EL_MIL1.FRM    ; панель лифта
EL_MIL2.FRM    ; панель лифта
EL_VAULT.FRM   ; панель лифта в убежище
GAJ000.FRM     ; панель лифта, приборна€ панель со стрелкой
EL_BOS2.FRM    ; панель лифта
EL_MIL3.FRM    ; панель лифта
EL_MIL4.FRM    ; панель лифта
WMAPTRG2.FRM   ; карта мира - курсор передвижени€ 2 дл€ анимации
wmapfgt0.FRM   ; карта мира - курсор молнией 1
wmapfgt1.FRM   ; карта мира - курсор молнией 2
TWNVILLA.FRM   ; окно загрузки локации Villa
TWNFLAG.FRM    ; окно загрузки локации Flagstaff
TWNGARAG.FRM   ; окно загрузки локации Garage City
TWNBRAHM.FRM   ; окно загрузки локации San Brahmin
TWNTWSUN.FRM   ; окно загрузки локации Two Sun
TWNBOS.FRM     ; окно загрузки локации Puerto
TWNRANGR.FRM   ; окно загрузки локации Rangers
TWNPNX.FRM     ; окно загрузки локации Phoenix
TWNGRAND.FRM   ; окно загрузки локации Casa Grande
TWNINFRN.FRM   ; окно загрузки локации Inferno
TWNNUEVA.FRM   ; окно загрузки локации Casa Nueva
TWNZERO.FRM    ; окно загрузки локации универсальное
HOTSPOT1.FRM   ; карта мира, маркер перевернутым треугольником 1
EDTRCRTE.FRM   ; редактор персонажа, основной фон
BIGNUM.FRM     ; редактор персонажа, большие цифры характеристик
AUTOMAP.FRM    ; окно миникарты - основной фон
AUTOUP.FRM     ; окно миникарты - кнопка детализации, не зажата
AUTODWN.FRM    ; окно миникарты - кнопка детализации, зажата
PICKCHAR.FRM   ; редактор персонажа - фон окна выбора персонажа
AGEMASK.FRM    ; редактор персонажа - маска дл€ кнопки возраста
AGEOFF.FRM     ; редактор персонажа - кнопка выбора возраста, не зажата
EDTREDT.FRM    ; редактор персонажа - фон окна с характеристиками персонажа во врем€ игры
KARMAFDR.FRM   ; редактор персонажа - кнопка раздела кармы
KILLSFDR.FRM   ; редактор персонажа - кнопка раздела убито
PERKSFDR.FRM   ; редактор персонажа - кнопка раздела способностей
DNARWOFF.FRM   ; редактор персонажа - кнопка пролистывани€ вниз, не зажата
DNARWON.FRM    ; редактор персонажа - кнопка пролистывани€ вниз, зажата
NAMEMSK.FRM    ; редактор персонажа - маска дл€ кнопки имени
NAMEON.FRM     ; редактор персонажа - кнопка дл€ ввода имени, не зажата
NAMEOFF.FRM    ; редактор персонажа - кнопка дл€ ввода имени, зажата
FLDRMASK.FRM   ; редактор персонажа - маска дл€ кнопок разделов
SEXMASK.FRM    ; редактор персонажа - маска дл€ кнопки выбора пола
SEXOFF.FRM     ; редактор персонажа - кнопка выбора пола, не зажата
SEXON.FRM      ; редактор персонажа - кнопка выбора пола, зажата
SLIDER.FRM     ; редактор персонажа - ползунок изменени€ навыка
SNEGOFF.FRM    ; редактор персонажа - кнопка минус ползунка изменени€ навыка, не зажата
SNEGON.FRM     ; редактор персонажа - кнопка минус ползунка изменени€ навыка, зажата
SPLSOFF.FRM    ; редактор персонажа - кнопка плюс ползунка изменени€ навыка, не зажата
SPLSON.FRM     ; редактор персонажа - кнопка плюс ползунка изменени€ навыка, зажата
STNEGOFF.FRM   ; редактор персонажа - кнопка минус, не зажата
STNEGON.FRM    ; редактор персонажа - кнопка минус, зажата
STPLSOFF.FRM   ; редактор персонажа - кнопка плюс, не зажата
STPLSON.FRM    ; редактор персонажа - кнопка плюс, зажата
UPARWOFF.FRM   ; редактор персонажа - кнопка пролистывани€ вверх, не зажата
UPARWON.FRM    ; редактор персонажа - кнопка пролистывани€ вверх, зажата
COMBAT.FRM     ; окно выбора персонажа - портрет персонажа 1 (боец)
STEALTH.FRM    ; окно выбора персонажа - портрет персонажа 2 (шпион)
DIPLOMAT.FRM   ; окно выбора персонажа - портрет персонажа 3 (дипломат)
AGEON.FRM      ; редактор персонажа - кнопка выбора возраста, зажата
AGEBOX.FRM     ; редактор персонажа - кнопки ввода возраста
ATTRIBOX.FRM   ; редактор персонажа - (веро€тно, не используетс€, рудимент демо-версии F1)
ATTRIBWN.FRM   ; редактор персонажа - (веро€тно, не используетс€, рудимент демо-версии F1)
CHARWIN.FRM    ; неизвестно
DONEBOX.FRM    ; неизвестно
FEMOFF.FRM     ; редактор персонажа - кнопка выбора пола женска€, не зажата
FEMON.FRM      ; редактор персонажа - кнопка выбора пола женска€, зажата
MALEOFF.FRM    ; редактор персонажа - кнопка выбора пола мужска€, не зажата
MALEON.FRM     ; редактор персонажа - кнопка выбора пола мужска€, зажата
NAMEBOX.FRM    ; редактор персонажа - окно дл€ ввода возраста
TGSKLOFF.FRM   ; редактор персонажа - кнопка, не зажата
TGSKLON.FRM    ; редактор персонажа - кнопка, зажата
LGDIALOG.FRM   ; окно сообщени€ среднего размера
MEDIALOG.FRM   ; окно сообщени€ малого размера
BARARRWS.FRM   ; редактор персонажа - кнопки пролистывани€ вверх вниз
OPBASE.FRM     ; опции - основной фон
OPBTNOFF.FRM   ; опции - кнопка выбора опции, не зажата
OPBTNON.FRM    ; опции - кнопка выбора опции, зажата
HOTSPOT2.FRM   ; карта мира, маркер перевернутым треугольником 2
LOADBOX.FRM    ; опции - окно загрузки дл€ выбора файла
SAVEBOX.FRM    ; опции - окно загрузки дл€ сохранени€ файла
PIPBOMB.FRM    ; PipBoy - бомбочка
upsell00.FRM   ; *** Ќ≈ »—ѕќЋ№«”≈“—я *** (удаленный постер демоверсии F1)
upsell01.FRM   ; *** Ќ≈ »—ѕќЋ№«”≈“—я *** (удаленный постер демоверсии F1)
upsell02.FRM   ; *** Ќ≈ »—ѕќЋ№«”≈“—я *** (удаленный постер демоверсии F1)
upsell03.FRM   ; *** Ќ≈ »—ѕќЋ№«”≈“—я *** (удаленный постер демоверсии F1)
upsell04.FRM   ; *** Ќ≈ »—ѕќЋ№«”≈“—я *** (удаленный постер демоверсии F1)
upsell05.FRM   ; *** Ќ≈ »—ѕќЋ№«”≈“—я *** (удаленный постер демоверсии F1)
upsell06.FRM   ; *** Ќ≈ »—ѕќЋ№«”≈“—я *** (удаленный постер демоверсии F1)
upsell07.FRM   ; *** Ќ≈ »—ѕќЋ№«”≈“—я *** (удаленный постер демоверсии F1)
upsell08.FRM   ; *** Ќ≈ »—ѕќЋ№«”≈“—я *** (удаленный постер демоверсии F1)
upsell09.FRM   ; *** Ќ≈ »—ѕќЋ№«”≈“—я *** (удаленный постер демоверсии F1)
LSGAME.FRM     ; опции - фон окна загрузки и сохранени€
LSGBOX.FRM     ; опции - поле дл€ ввода названи€ файла сохранени€
LSCOVER.FRM    ; опции - изображение в слоте отсутствующего сохранени€
PREFSCRN.FRM   ; опции - основной фон экрана настроек
PRFSLDOF.FRM   ; опции - кнопка выбора, не активирована
PRFBKNBS.FRM   ; опции - большой переключатель 4 позиции
PRFLKNBS.FRM   ; опции - малый переключатель 2 позиции
PRFXIN.FRM     ; опции - кнопка с перекрестием, активна
PRFXOUT.FRM    ; опции - кнопка с перекрестием, не активна
PREFCVR.FRM    ; опции - неизвестно
PRFSLDON.FRM   ; опции - кнопка выбора, активирована
PREFTRCK.FRM   ; *** Ќ≈ »—ѕќЋ№«”≈“—я *** (похоже на то)
MSEF003.FRM    ; шестигранный указатель мыши красный пустой внутри
ACTARROW.FRM   ; курсор стрелкой влево
ACRSHAIR.FRM   ; курсор прицела красный 1
ACT_AA.FRM     ; панель действий - кнопка отказа, не активна
ACT_AB.FRM     ; панель действий - кнопка отказа, активна
ACT_DA.FRM     ; панель действий - кнопка сброса предмета, не активна
ACT_DB.FRM     ; панель действий - кнопка сброса предмета, активна
ACT_EA.FRM     ; панель действий - кнопка вызова рюкзака, не активна
ACT_EB.FRM     ; панель действий - кнопка вызова рюкзака, активна
ACT_FA.FRM     ; панель действий - кнопка осмотра, не активна
ACT_FB.FRM     ; панель действий - кнопка осмотра, активна
ACT_GA.FRM     ; панель действий - кнопка поворота, не активна
ACT_GB.FRM     ; панель действий - кнопка поворота, активна
ACT_HA.FRM     ; панель действий - кнопка диалога, не активна
ACT_HB.FRM     ; панель действий - кнопка диалога, активна
ACT_IA.FRM     ; панель действий - кнопка активации, активна
ACT_IB.FRM     ; панель действий - кнопка активации, активна
BLANK.FRM      ; Mouse cursor - none ( 1 x 1 transparent)
STDARROW.FRM   ; курсор мыши стрелкой - standard arrow
SUPARROW.FRM   ; курсор мыши стрелкой - small up arrow
SDNARROW.FRM   ; курсор мыши стрелкой - small down arrow
SCRNWEST.FRM   ; курсор мыши стрелкой - scroll northwest
SCRNORTH.FRM   ; курсор мыши стрелкой - scroll north
SCRNEAST.FRM   ; курсор мыши стрелкой - scroll northeast
SCREAST.FRM    ; курсор мыши стрелкой - scroll east
SCRSEAST.FRM   ; курсор мыши стрелкой - scroll southeast
SCRSOUTH.FRM   ; курсор мыши стрелкой - scroll south
SCRSWEST.FRM   ; курсор мыши стрелкой - scroll southwest
SCRWEST.FRM    ; курсор мыши стрелкой - scroll west
WAITA.FRM      ; курсор ожидани€ планета
CRSSHAIR.FRM   ; курсор прицела красный 2
PLUS.FRM       ; курсор мыши плюсом (используетс€ в редакторе)
DESTROY.FRM    ; курсор очистки (используетс€ в редакторе)
ACT_PICK.FRM   ; панель действий - кнопка взаимодействи€
ACT_MENU.FRM   ; панель действий - полное меню панели
ACTTOHIT.FRM   ; курсор прицела красный 3
ACTARROM.FRM   ; курсор стрелкой вправо
HAND.FRM       ; INV курсор указатель в окне инвентар€
TX_UNRMD.FRM   ; TEXT безоружный (похоже, что не используетс€ - рудимент Fallout 1)
TX_W_D.FRM     ; TEXT маркер прицельного выстрела
TX_PNTA.FRM    ; TEXT цифры дл€ слота с предметом
TX_PNTB.FRM    ; TEXT надпись ќƒ
TX_W_C.FRM     ; TEXT перезар€дка
TX_USET.FRM    ; TEXT использовать (когда слот не зажат)
CROSSUSE.FRM   ; курсор прицела желтый
TX_USEON.FRM   ; TEXT использовать (когда слот зажат)
WAITB.FRM      ; курсор ожидани€ с идущими часами
FALLTEXT.FRM   ; наклейка с надписью Fallout в демоверсии
HELPSCRN.FRM   ; опции - окно файла помощи, верси€ Windows
HELPMAC.FRM    ; опции - окно файла помощи, верси€ Mac
MENUUP.FRM     ; опции - красна€ кнопка в главном меню, не зажата
MENUDOWN.FRM   ; опции - красна€ кнопка в главном меню, зажата
ACT_CA.FRM     ; панель действий - кнопка перезар€дки, активна
ACT_CB.FRM     ; панель действий - кнопка перезар€дки, не активна
ACT_BA.FRM     ; панель действий - кнопка навыков, активна
ACT_BB.FRM     ; панель действий - кнопка навыков, не активна
MOVEMULT.FRM   ; INV интерфейс перемещени€ множества предметов
TIMER.FRM      ; INV таймер дл€ меню динамита
ALLBON.FRM     ; INV интерфейс перемещени€ множества предметов - кнопка зажата
ALLBOFF.FRM    ; INV интерфейс перемещени€ множества предметов - кнопка не зажата
DEATH.FRM      ; слайд смерти √√
WAITC.FRM      ; курсор ожидани€ с остановившимис€ часами
SEQ2AD.FRM     ; *** Ќ≈ »—ѕќЋ№«”≈“—я *** (слайд концовки F1)
SEQ2B.FRM      ; *** Ќ≈ »—ѕќЋ№«”≈“—я *** (слайд концовки F1)
SEQ3A.FRM      ; *** Ќ≈ »—ѕќЋ№«”≈“—я *** (слайд концовки F1)
SEQ3C.FRM      ; *** Ќ≈ »—ѕќЋ№«”≈“—я *** (слайд концовки F1)
SEQ5A.FRM      ; *** Ќ≈ »—ѕќЋ№«”≈“—я *** (слайд концовки F1)
SEQ5B.FRM      ; *** Ќ≈ »—ѕќЋ№«”≈“—я *** (слайд концовки F1)
SEQ5D.FRM      ; *** Ќ≈ »—ѕќЋ№«”≈“—я *** (слайд концовки F1)
SEQ6A.FRM      ; *** Ќ≈ »—ѕќЋ№«”≈“—я *** (слайд концовки F1)
SEQ6B.FRM      ; *** Ќ≈ »—ѕќЋ№«”≈“—я *** (слайд концовки F1)
SEQ8ABC.FRM    ; *** Ќ≈ »—ѕќЋ№«”≈“—я *** (слайд концовки F1)
SHABAD3.FRM    ; *** Ќ≈ »—ѕќЋ№«”≈“—я ***
SHAGOD2.FRM    ; *** Ќ≈ »—ѕќЋ№«”≈“—я ***
SEQ4ABC.FRM    ; *** Ќ≈ »—ѕќЋ№«”≈“—я *** (слайд концовки F1)
SEQ4DE.FRM     ; *** Ќ≈ »—ѕќЋ№«”≈“—я *** (слайд концовки F1)
SEQ7A.FRM      ; *** Ќ≈ »—ѕќЋ№«”≈“—я *** (слайд концовки F1)
SEQ7C.FRM      ; *** Ќ≈ »—ѕќЋ№«”≈“—я *** (слайд концовки F1)
DP.FRM         ; *** Ќ≈ »—ѕќЋ№«”≈“—я *** (слайд концовки с пустыней F1)
SCREX.FRM      ; курсор стрелкой - invalid scroll east
SCRNEX.FRM     ; курсор стрелкой - invalid scroll northeast
SCRNWX.FRM     ; курсор стрелкой - invalid scroll northwest
SCRNX.FRM      ; курсор стрелкой - invalid scroll north
SCRSEX.FRM     ; курсор стрелкой - invalid scroll southeast
SCRSWX.FRM     ; курсор стрелкой - invalid scroll southwest
SCRSX.FRM      ; курсор стрелкой - invalid scroll south
SCRWX.FRM      ; курсор стрелкой - invalid scroll west
WRLDSPR0.FRM   ; карта мира - маркер локации малый
WRLDSPR1.FRM   ; карта мира - маркер локации средний
WRLDSPR2.FRM   ; карта мира - маркер локации большой
WRLDMP00.FRM   ; карта мира - Tile 0
WRLDMP01.FRM   ; карта мира - Tile 1
WRLDMP02.FRM   ; карта мира - Tile 2
WRLDMP03.FRM   ; карта мира - Tile 3
WRLDMP04.FRM   ; карта мира - Tile 4
WRLDMP05.FRM   ; карта мира - Tile 5
WRLDMP06.FRM   ; карта мира - Tile 6
WRLDMP07.FRM   ; карта мира - Tile 7
WRLDMP08.FRM   ; карта мира - Tile 8
WRLDMP09.FRM   ; карта мира - Tile 9
WRLDMP10.FRM   ; карта мира - Tile 10
WRLDMP11.FRM   ; карта мира - Tile 11
WRLDMP12.FRM   ; карта мира - Tile 12
WRLDMP13.FRM   ; карта мира - Tile 13
WRLDMP14.FRM   ; карта мира - Tile 14
WRLDMP15.FRM   ; карта мира - Tile 15
WRLDMP16.FRM   ; карта мира - Tile 16
WRLDMP17.FRM   ; карта мира - Tile 17
WRLDMP18.FRM   ; карта мира - Tile 18
WRLDMP19.FRM   ; карта мира - Tile 19
WMINFCE0.FRM   ; карта мира - Background Top
WMINFCE1.FRM   ; карта мира - Background Left
WMINFCE2.FRM   ; карта мира - Background Right
WMINFCE3.FRM   ; карта мира - Background Bottom
WMSCREEN.FRM   ; карта мира - рамочка дл€ иконки транспорта
WMTABS.FRM     ; карта мира - пустой список городов
WMDIAL.FRM     ; карта мира - приборна€ панель смены дн€ и ночи
WMGLOBE.FRM    ; карта мира - табличка с информацией о карте
WMTBEDGE.FRM   ; карта мира - рамочка дл€ списка городов
WM_00.FRM      ; карта мира - маркер локации 0
WM_01.FRM      ; карта мира - маркер локации 1
WM_02.FRM      ; карта мира - маркер локации 2
WM_03.FRM      ; карта мира - маркер локации 3
WM_04.FRM      ; карта мира - маркер локации 4
WM_05.FRM      ; карта мира - маркер локации 5
WM_06.FRM      ; карта мира - маркер локации 6
WM_07.FRM      ; карта мира - маркер локации 7
WM_08.FRM      ; карта мира - маркер локации 8
WM_09.FRM      ; карта мира - маркер локации 9
WM_10.FRM      ; карта мира - маркер локации 10
WM_11.FRM      ; карта мира - маркер локации 11
WM_12.FRM      ; карта мира - маркер локации 12
WM_13.FRM      ; карта мира - маркер локации 13
WM_14.FRM      ; карта мира - маркер локации 14
WM_15.FRM      ; карта мира - маркер локации 15
WM_16.FRM      ; карта мира - маркер локации 16
WM_17.FRM      ; карта мира - маркер локации 17
WM_18.FRM      ; карта мира - маркер локации 18
WM_19.FRM      ; карта мира - маркер локации 19
EL_BASE1.FRM   ; панель лифта - база —ьерра в F2
DI_TALKP.FRM   ; окно партийца - окно диалога
CONTROL.FRM    ; окно партийца - окно контрол€
CUSTOM.FRM     ; окно партийца - окно кастомизации
P_AGGDN.FRM    ; окно партийца - команда (aggressive down)
P_AGGOFF.FRM   ; окно партийца - команда (aggressive disabled)
P_AGGUP.FRM    ; окно партийца - команда (aggressive up)
P_BERDN.FRM    ; окно партийца - команда (berserk down)
P_BEROFF.FRM   ; окно партийца - команда (berserk disabled)
P_BERUP.FRM    ; окно партийца - команда (berserk up)
P_COWDN.FRM    ; окно партийца - команда (coward down)
P_COWOFF.FRM   ; окно партийца - команда (coward disabled)
P_COWUP.FRM    ; окно партийца - команда (coward up)
P_CUSDN.FRM    ; окно партийца - команда (custom down)
P_CUSOFF.FRM   ; окно партийца - команда (custom disabled)
P_CUSUP.FRM    ; окно партийца - команда (custom up)
P_DEFDN.FRM    ; окно партийца - команда (defensive down)
P_DEFOFF.FRM   ; окно партийца - команда (defensive disabled)
P_DEFUP.FRM    ; окно партийца - команда (defensive up)
P_ATCKDN.FRM   ; окно партийца - команда custom
P_ATCKUP.FRM   ; окно партийца - команда custom
P_BRSTDN.FRM   ; окно партийца - команда custom
P_BRSTUP.FRM   ; окно партийца - команда custom
P_CHEMDN.FRM   ; окно партийца - команда custom
P_CHEMUP.FRM   ; окно партийца - команда custom
P_DISTDN.FRM   ; окно партийца - команда custom
P_DISTUP.FRM   ; окно партийца - команда custom
P_RUNDN.FRM    ; окно партийца - команда custom
P_RUNUP.FRM    ; окно партийца - команда custom
P_WEAPDN.FRM   ; окно партийца - команда custom
P_WEAPUP.FRM   ; окно партийца - команда custom
CUSSEL.FRM     ; окно партийца - команда custom
TRADE.FRM      ; окно партийца - окно обмена с партийцем
TX_P_E.FRM     ; (CHOPUCH) TEXT джеб или быстрый удар рукой
TX_S_G.FRM     ; (DBLOSSK) TEXT пробивной удар ногой или смертельный удар ногой
TX_P_F.FRM     ; (DRAGPUCH) TEXT удар ладонью или удар руки дракона
TX_P_G.FRM     ; (FORCPUCH) TEXT протыкающий удар рукой или силовой удар рукой
TX_P_C.FRM     ; TEXT мощный удар рукой
TX_S_E.FRM     ; TEXT дроб€щий удар ногой
TX_S_F.FRM     ; (JUMPK) TEXT боковой удар ногой или удар в прыжке
TX_P_D.FRM     ; (LIGNPUCH) TEXT сбивающий удар рукой или молниеносный удар рукой
TX_S_D.FRM     ; (ROUNDK) TEXT мощный удар ногой или круговой удар ногой
TX_S_B.FRM     ; TEXT сильный удар ногой
TX_S_C.FRM     ; TEXT точный удар ногой
TX_P_B.FRM     ; TEXT сильный удар рукой
WMCARMVE.FRM   ; карта мира - изображение транспорта
ACT_JA.FRM     ; панель действий - отталкивание, активна
ACT_JB.FRM     ; панель действий - отталкивание, не активна
INVMAUP.FRM    ; INV кнопка вз€ть все, не зажата
INVMADN.FRM    ; INV кнопка вз€ть все, зажата
WMRNDEN2.FRM   ; карта мира - курсор новой встречи светлый
WMRNDEN3.FRM   ; карта мира - курсор новой встречи темный
TWNHERMO.FRM   ; окно загрузки локации Hermosillo
WRLDMP20.FRM   ; карта мира - Tile 20
WRLDMP21.FRM   ; карта мира - Tile 21
WRLDMP22.FRM   ; карта мира - Tile 22
WRLDMP23.FRM   ; карта мира - Tile 23
TWNROAD.FRM    ; окно загрузки локации –ейдеры-магистралы
TWNVAULT.FRM   ; окно загрузки локации ”бежище 27
END_A1.FRM     ; концовка - вступительный слайд
END_A2.FRM     ; концовка - вступительный слайд
END_VA1.FRM    ; концовка - ¬илла
END_VA2.FRM    ; концовка - ¬илла
END_VA3.FRM    ; концовка - ¬илла
END_VA4.FRM    ; концовка - ¬илла
END_VB1.FRM    ; концовка - √√ (муж)
END_VB2.FRM    ; концовка - √√ (жен)
END_RNG1.FRM   ; концовка - –ейнджеры
END_RNG2.FRM   ; концовка - –ейнджеры
END_RNG8.FRM   ; концовка - генерал рейнджеров
END_PRT1.FRM   ; концовка - ѕуэрто
END_PNX1.FRM   ; концовка - ‘еникс
END_PNX2.FRM   ; концовка - ‘еникс
END_PNX3.FRM   ; концовка - ‘еникс
END_TS1.FRM    ; концовка - “у—ан
END_TS2.FRM    ; концовка - “у—ан
END_FL1.FRM    ; концовка - ‘лагстафф
END_GR1.FRM    ; концовка - √араж
END_GR3.FRM    ; концовка - √араж
END_JC1.FRM    ; концовка - Ўакалы
END_VLT.FRM    ; концовка - ”бежище27
END_CG1.FRM    ; концовка -  аса-√ранде
END_RDR1.FRM   ; концовка - –ейдеры
END_CN1.FRM    ; концовка - теплицы  аса-Ќуэвa
END_CN2.FRM    ; концовка - теплицы  аса-Ќуэвa
END_CN3.FRM    ; концовка - теплицы  аса-Ќуэвa
END_CN4.FRM    ; концовка - теплицы  аса-Ќуэвa
END_MEX.FRM    ; концовка - Ёрмосильо
END_SB1.FRM    ; концовка - —анЅрамин
END_JC2.FRM    ; концовка - Ўакалы
TWNFELIP.FRM   ; окно загрузки локации San Felipe
END_PRT3.FRM   ; концовка - ѕуэрто
END_SB2.FRM    ; концовка - —анЅрамин
END_FL3.FRM    ; концовка - ‘лагстафф
TWNDAYGL.FRM   ; окно загрузки локации —и€ние ƒн€
END_RNG9.FRM   ; концовка - генерал рейнджеров