reserv
hapowr,21,1
harobe,11,1
hfcmbt,11,1
hfjmps,11,1
hflthr,11,1
hfmaxx,11,1
hfmetl,11,1
reserv,11
hmbmet,11
hmcmbt,11,1
hmjmps,11,1
hmlthr,11,1
hmmaxx,11,1
hmmetl,11,1
mabrom,15
maddog,16,1
mahand,17
reserv,18
mamrat,19
mamtn2,21
mamtnt,21
mascrp,22
masphn,23
masrat,24
mathng,25
nablue,11,1
nachld,27,1
naghul,11
naglow,11
napowr,21,1
narobe,11
reserv,11
nfbrlp,11
nfmaxx,11,1
nfmetl,11,1
nfpeas,11,1
nftrmp,11
reserv,11
nmbpea,11,1
nmbrlp,11
nmbsnp,11
nmgrch,27
nmlosr,11
nmlthr,11,1
nmmaxx,11,1
nmover,46
reserv,11
nmpeas,11
nmgzmo,49
reserv,50
maclaw,51
mamant,52
marobo,53,1
mafeye,54
mamurt,55
nabrwn,11,1
nmdocc,11
madegg,58
mascp2,59
maclw2,60
hfprim,11,1
hmwarr,11,1
nfprim,11,1
nmwarr,11,1
maplnt,65
marobt,66
reserv,67,1
reserv,68,1
nmvalt,11,1
reserv,16,1
hanpwr,21,1
nmnice,11
nfnice,11,1
nfvalt,11
reserv,16,1
mabran,19
nmbonc,11
reserv,21
navgul,11,1
nfd2gl,11,1
mafire,81,1
nFDGLW,11,1
nMDGLW,11,1
nMGHLW,11,1
MABOSS,11,1
reserv,86
reserv,11
reserv,11,1
nmlabb,11,1
magun2,90
nmfatt,11,1
nmrgng,11,1
nmgang,11,1
nfasia,11
nmmexi,11,1
nmboxx,11
maantt,97
nmoldd,11
reserv,99
madeth,100
reserv,101
reserv,102
