RESERVED.FRM
DELETED.FRM
BOXSML.FRM
BOXWPN.FRM
BOXBIG1.FRM
BOXBIG2.FRM
box14.FRM
box15.FRM
box16.FRM
box17.FRM
box18.FRM
box19.FRM
MEDIC.FRM
BEER.FRM
JAR.FRM
HOLODISK.FRM
BOOK.FRM
ROCK.FRM
FLARE.FRM
WEAPN00.FRM
WEAPN01.FRM
WEAPN02.FRM
WEAPN03.FRM
WEAPN04.FRM
WEAPN05.FRM
WEAPN06.FRM
WEAPN07.FRM
WEAPN08.FRM
WEAPN09.FRM
WEAPN10.FRM
WEAPN11.FRM
GERNADE.FRM
PLNTSHIP.FRM
AMMO.FRM
BATTERY.FRM
TANKS.FRM
ArmrMax.FRM
ArmrLth.FRM
ArmrMtl.FRM
ArmrCmbt.FRM
ArmrPwr.FRM
ArmrNon.FRM
ArmrRobe.FRM
DYNAMITE.FRM
PLSTIC.FRM
GEIGER.FRM
MOTION.FRM
JUNK.FRM
SHOVEL.FRM
ROPE.FRM
MOTOR.FRM
SCORPTAL.FRM
ELECPIC.FRM
GRAVE01.FRM
GRAVE02.FRM
GRAVE03.FRM
GRAVE04.FRM
GRAVE05.FRM
GRAVE06.FRM
GRAVE07.FRM
BONES.FRM
CCART01.FRM
CCART02.FRM
VILLA001.FRM
VILLA002.FRM
VILLA003.FRM
VILLA004.FRM
VILLA005.FRM
VILLA006.FRM
VILLA007.FRM
VILLA008.FRM
VILLA009.FRM
VILLA010.FRM
VILLA011.FRM
VILLA012.FRM
VILLA013.FRM
VILLA020.FRM
VILLA021.FRM
VILLA022.FRM
VILLA023.FRM
VILLA024.FRM
VILLA025.FRM
CITY001.FRM
CITY002.FRM
CITY003.FRM
CITY004.FRM
CITY005.FRM
CITY006.FRM
CITY007.FRM
CITY008.FRM
CITY009.FRM
CITY010.FRM
CITY011.FRM
CITY012.FRM
CITY013.FRM
CITY014.FRM
CITY015.FRM
CITY016.FRM
CITY017.FRM
CITY018.FRM
CITY019.FRM
CITY020.FRM
CITY021.FRM
CITY022.FRM
CITY023.FRM
CITY024.FRM
CITY025.FRM
CITY026.FRM
CITY027.FRM
CITY028.FRM
CITY029.FRM
CITY030.FRM
CITY031.FRM
VAULT001.FRM
VAULT002.FRM
VAULT003.FRM
VAULT004.FRM
VAULT005.FRM
VAULT006.FRM
VAULT007.FRM
VAULT008.FRM
VAULT009.FRM
VAULT010.FRM
VAULT011.FRM
VAULT012.FRM
VAULT013.FRM
VAULT014.FRM
VAULT015.FRM
VAULT016.FRM
VAULT017.FRM
VAULT018.FRM
VAULT019.FRM
VAULT020.FRM
VAULT021.FRM
VAULT022.FRM
VAULT023.FRM
VAULT024.FRM
ARMY001.FRM
ARMY002.FRM
ARMY003.FRM
ARMY004.FRM
ARMY005.FRM
ARMY006.FRM
ARMY007.FRM
ARMY008.FRM
ARMY009.FRM
ARMY010.FRM
ARMY011.FRM
ARMY012.FRM
ARMY013.FRM
ARMY014.FRM
ARMY015.FRM
ARMY016.FRM
ARMY017.FRM
ARMY018.FRM
ArmrVlt.FRM
SOILA.FRM
CARTRNK1.FRM
MEGABOX.FRM
VILLA026.FRM
BAR.FRM
COLA.FRM
FLAGDEAD.FRM
EXPRSA.FRM
EXPRSB.FRM
VILLA027.FRM
VILLA028.FRM
VILLA029.FRM
VLTMERC.FRM
VLTPST27.FRM
SOILB.FRM
SOILC.FRM
VILLA014.FRM
VAULT025.FRM
TSUNDEAD.FRM
CITY032.FRM
SOILD.FRM
SOILE.FRM
CARTRNK2.FRM
VILLA030.FRM
FUNGUS.FRM
CITY033.FRM
CITY034.FRM
CITY035.FRM
CITY036.FRM
CITY037.FRM
CITY038.FRM
RSHELL.FRM
INF1001.FRM
CARTRNKa.FRM
CARTRNKb.FRM
CARTRNKc.FRM
INF1002.FRM
INF1003.FRM
INF1004.FRM
INF1005.FRM
INF1006.FRM
INF1007.FRM
INF1008.FRM
NUEVO01.FRM
NUEVO02.FRM
VILLA031.FRM
SNOW.FRM
BIBL0109.FRM
CITY039.FRM
V13BONES.FRM
MENTMCHN.FRM
CITY040.FRM
DELETED.FRM
FUNGUB.FRM
DELETED.FRM
DELETED.FRM