OBJ_DUDE.int    ; dude: скрипт главного героя                   # local_vars=6
Animfrvr.int    ; gen: циклическая анимация                     # local_vars=0
INFO.int        ; скрипт-пустышка для вывода информации         # local_vars=0
TSTCritr.int    ; скрипт для отладки                            # local_vars=20
TSTObjct.int    ; скрипт для отладки                            # local_vars=20
TSTTrigr.int    ; скрипт для отладки                            # local_vars=5
ZTMap.int       ; общий скрипт карт локаций                     # local_vars=0
ZTInfo.int      ; gen: инфотригер                               # local_vars=1
ZTRad.int       ; gen: локальная рад-область (8 гексов)         # local_vars=2
ZTGoo.int       ; gen: тригер рад-жижи                          # local_vars=2
ZTRokot.int     ; gen: тригер для стрекота насекомых            # local_vars=1
ZTMin.int       ; gen: тригер ловушки - мины                    # local_vars=1
ZTCapcan.int    ; gen: тригер ловушки - капкана                 # local_vars=1
ZTPwdPol.int    ; gen: силовое поле                             # local_vars=1
ZSPwdPol.int    ; gen: эмиттер силового поля                    # local_vars=5
ZSDoor.int      ; gen: стандартная дверь                        # local_vars=7
ZSCola.int      ; gen: автомат с ядер-колой                     # local_vars=5
ZSBlock.int     ; gen: уничтожаемое препятствие                 # local_vars=2
ZSSolar.int     ; gen: источник перебойного света               # local_vars=1
ZIUseStp.int    ; gen: привязка объекта к хозяину               # local_vars=2
ZIHDisk.int     ; gen: общий скрипт для всех голодисков         # local_vars=0
ZIBxSafe.int    ; gen: запираемый контейнер                     # local_vars=7
ZIBxRndm.int    ; gen: контейнер со случайным инвентарем        # local_vars=1
ZIBxLck.int     ; gen: заколоченный ящик                        # local_vars=1
ZSSoil.int      ; gen: свежевскопанная земля                    # local_vars=1
ZSGrvGen.int    ; gen: могила                                   # local_vars=1
ZSGrvDst.int    ; gen: могильная надпись                        # local_vars=1
ZSRandom.int    ; gen: рендомизатор окружения                   # local_vars=1
ZSBooks.int     ; gen: книжное собрание                         # local_vars=7
ZSGmSlt.int     ; gen: игровой автомат вида однорукий бандит    # local_vars=6
ZSTblWrk.int    ; gen: верстак со сломанными предметами         # local_vars=5
ZSAlcghl.int    ; gen: самогонный аппарат                       # local_vars=2
OBJ_CAR.int     ; dude: личный транспорт ГГ                     # local_vars=5
OBJ_TRNK.int    ; dude: багажник личного транспорта ГГ          # local_vars=5
ZSCarGen.int    ; dude: генератор личного транспорта ГГ         # local_vars=1
ZCAnt.int       ; gen: типовой муравей                          # local_vars=7
ZCManti.int     ; gen: типовой богомол                          # local_vars=7
ZCRat.int       ; gen: типовой представитель грызунов           # local_vars=7
ZCDog.int       ; gen: типовая собака или койот                 # local_vars=7
ZCScorp.int     ; gen: типовой радскорпион                      # local_vars=7
ZCBrahmn.int    ; gen: типовой брамин                           # local_vars=7
ZCPlant.int     ; gen: типовое хищное растение                  # local_vars=7
ZCDthclw.int    ; gen: типовой коготь смерти                    # local_vars=7
ZCRobot.int     ; gen: типовой враждебный робот                 # local_vars=7
ZCGhoul.int     ; gen: типовой дикий гуль                       # local_vars=7
ZCMstStr.int    ; dude: Таинственный Незнакомец                 # local_vars=6
ZSTblChm.int    ; gen: химическая лаборатория                   # local_vars=2
VCBabula.int    ; Вилла: Бабуля Андерс                          # local_vars=10
VCJose.int      ; Вилла: Хосе                                   # local_vars=12
VCChrisA.int    ; Вилла: Крис на карте плазы                    # local_vars=10
VCBandit.int    ; Вилла: бандит запертый в подвале ратуши       # local_vars=10
VSGate.int      ; Вилла: калитка у дома Бабули                  # local_vars=0
VSMeteo.int     ; Вилла: сломанная метеостанция                 # local_vars=2
VCMarodr.int    ; Вилла: мародеры на карте плантаций            # local_vars=10
ZSLump.int      ; gen: лампы и костры для розжига зажигалкой    # local_vars=1
VSRprItm.int    ; Вилла: предметы на столе в ратуше для починки # local_vars=2
VSStairs.int    ; Вилла: лестницы в погребах Виллы              # local_vars=0
VSDstr.int      ; Вилла: объекты разрушения типа выбитых дверей # local_vars=1
VCCitizn.int    ; Вилла: рядовой житель после возвращения       # local_vars=8
VCChild.int     ; Вилла: рядовой ребенок                        # local_vars=8
VCCtzBld.int    ; Вилла: раненный житель                        # local_vars=10
VCCtzTlk.int    ; Вилла: женщина с диалогом                     # local_vars=10
VSBabStr.int    ; Вилла: спуск в погреб у бабули Адонсии        # local_vars=0
VCEden.int      ; Вилла: мальчик Еден сбежавший на плантации    # local_vars=10
VCPadre.int     ; Вилла: отец ГГ на Вилле                       # local_vars=12
VCMadre.int     ; Вилла: мать ГГ на Вилле                       # local_vars=10
VSWell.int      ; Вилла: колодец на площади                     # local_vars=2
ZSLook.int      ; gen: стандартный скрипт для изучения Наукой   # local_vars=1
VSDead.int      ; Вилла: тела погибших в ратуше                 # local_vars=1
FCMer.int       ; Флагстафф: мэр города                         # local_vars=10
CSPinata.int    ; СантаАна: пиньята                             # local_vars=0
FCBoss.int      ; Флагстафф: начальник колонии                  # local_vars=10
FCSlvGrd.int    ; Флагстафф: наемники                           # local_vars=8
FCSlavs.int     ; Флагстафф: типовые рабы                       # local_vars=8
FCSlvVrv.int    ; Флагстафф: раб-дикарь                         # local_vars=10
FCRanger.int    ; Флагстафф: рейнджер-диверсант                 # local_vars=10
FCBarmen.int    ; Флагстафф: бармен                             # local_vars=11
FCBarSlv.int    ; Флагстафф: наемник в баре                     # local_vars=10
FCPost.int      ; Флагстафф: работник Сонора Экспресс           # local_vars=10
FCBishop.int    ; Флагстафф: священник                          # local_vars=12
FCTom.int       ; Флагстафф: дядя Том                           # local_vars=10
FCAdmin.int     ; Флагстафф: администратор шахты                # local_vars=10
FCMinBrk.int    ; Флагстафф: оператор перерабатывающего станка  # local_vars=10
FCRatKng.int    ; Флагстафф: крысиный король                    # local_vars=8
FSMinElc.int    ; Флагстафф: ловушка для крысиного короля       # local_vars=1
FSGame.int      ; Флагстафф: проклятый игральный автомат        # local_vars=5
FSWater.int     ; Флагстафф: насосная станция в шахтах          # local_vars=3
FCMadre.int     ; Флагстафф: мать ГГ в рабском загоне           # local_vars=10
FCVillA.int     ; Флагстафф: замурованный в шахте раб из Виллы  # local_vars=10
FCVillB.int     ; Флагстафф: замурованный в шахте раб из Виллы  # local_vars=10
FSRobot.int     ; Флагстафф: бурмашина в шахтах                 # local_vars=5
ZSRocks.int     ; gen: горы камней которые можно взорвать       # local_vars=1
FTDstry.int     ; Флагстафф: тригер для подрыва шахты           # local_vars=1
FSMinDst.int    ; Флагстафф: обрушение камней на входе в шахту  # local_vars=1
FSCmpSlv.int    ; Флагстафф: личный компьютер босса наемников   # local_vars=5
FCSlvDor.int    ; Флагстафф: охранник наемников у двери в загон # local_vars=10
FCSlvVll.int    ; Флагстафф: рабы из Виллы в загоне             # local_vars=10
FSTransf.int    ; Флагстафф: электрические цепи в шахтах        # local_vars=2
FSDorSlv.int    ; Флагстафф: дверь в рабский загон              # local_vars=1
FSRadio.int     ; Флагстафф: радиостанция наемников             # local_vars=2
FCSlvRdr.int    ; Флагстафф: заключенный-рейдер в загоне        # local_vars=10
FCSlvMin.int    ; Флагстафф: рабочие на карте входа в шахты     # local_vars=10
FCBarTlk.int    ; Флагстафф: разговорчивый посетитель бара      # local_vars=10
FCSlvA.int      ; Флагстафф: хозяин понукающий слугой           # local_vars=10
FCSlvB.int      ; Флагстафф: слуга которым понукает хозяин      # local_vars=10
FSDead.int      ; Флагстафф: тело беглого раба у входа в шахту  # local_vars=3
FCCrvBos.int    ; Флагстафф: купец Джошуа идущий в Феникс       # local_vars=10
FCCrvMan.int    ; Флагстафф: рядовой караванщик у шахты         # local_vars=10
FCPostEn.int    ; Флагстафф: грабитель почтовой службы          # local_vars=10
FCSlvScn.int    ; Флагстафф: заключенный-радист                 # local_vars=10
FCCtznA.int     ; Флагстафф: обычный житель городка             # local_vars=10
FSSptnk.int     ; Флагстафф: спутник - экспонат в музее         # local_vars=2
FCCitzn.int     ; Флагстафф: рядовой колонист-горожанин         # local_vars=8
FSSign.int      ; Флагстафф: доска объявлений при входе в город # local_vars=2
FCChild.int     ; Флагстафф: типовые дети Флагстаффа            # local_vars=8
FSWrkTb.int     ; Флагстафф: верстак с компонентами ошейников   # local_vars=3
FCSlvStn.int    ; Флагстафф: наемник Стен                       # local_vars=10
FCCtznB.int     ; Флагстафф: житель ненавидящий храм Огня       # local_vars=10
FCRadKid.int    ; Флагстафф: ребенок с лучевой болезнью         # local_vars=10
PCPost.int      ; Феникс: работник Сонора Экспресс              # local_vars=10
TCPost.int      ; ТуСан: работник Сонора Экспресс               # local_vars=10
ZIPostA.int     ; dude: ящик для приема посылки из др города    # local_vars=1
ZIPostB.int     ; dude: ящик для отправки посылки в др город    # local_vars=1
JCSuka.int      ; Шакалы: лидер-самка племени                   # local_vars=10
JCSamec.int     ; Шакалы: лидер-самец племени                   # local_vars=10
JCGuard.int     ; Шакалы: охранник на складах                   # local_vars=8
JCRanger.int    ; Шакалы: рейнджер                              # local_vars=10
JCMan.int       ; Шакалы: дикарь племени                        # local_vars=8
JCWoman.int     ; Шакалы: дикарка племени                       # local_vars=8
JCChild.int     ; Шакалы: дети племени                          # local_vars=8
JCCtznA.int     ; Шакалы: разговорчивый дикарь                  # local_vars=10
JCPosol.int     ; Шакалы: посол от рейнджеров                   # local_vars=10
RCBoss.int      ; Рейнджеры: рейнджер-генерал                   # local_vars=14
RCRanger.int    ; Рейнджеры: типовой рейнджер на дамбе          # local_vars=10
JICulon.int     ; Шакалы: кулон из патронов у лидера-самца      # local_vars=0
JCCtznB.int     ; Шакалы: патрулирующий жилые норы              # local_vars=10
JSTotem.int     ; Шакалы: сооружения из костей с тайниками      # local_vars=0
JCCtznC.int     ; Шакалы: выживший после налета рейнджеров      # local_vars=10
JSRifle.int     ; Шакалы: столик с ружьем рейнджера             # local_vars=2
JCMerc.int      ; Шакалы: наемники для совместной атаки         # local_vars=10
VVSLift.int     ; Уб 27: шахты лифтов                           # local_vars=0
VVSConsl.int    ; Уб 27: пульт управления бронедверью           # local_vars=1
VVSInrcm.int    ; Уб 27: интеркомы                              # local_vars=1
VVTExp.int      ; Уб 27: тригер на входе в убежище              # local_vars=1
VVSGntr.int     ; Уб 27: резервный генератор                    # local_vars=2
VVSVntl.int     ; Уб 27: вентиляция                             # local_vars=2
VVCScnc.int     ; Уб 27: руководитель экспедиции                # local_vars=10
VVCGhost.int    ; Уб 27: гули-призраки                          # local_vars=8
VVTPsn.int      ; Уб 27: скрипт больше не используется          # local_vars=1
VVHolo.int      ; Уб 27: развлекательное оборудование           # local_vars=1
VVTLift.int     ; Уб 27: тригер уцелевшего лифта                # local_vars=0
VVCOwr.int      ; Уб 27: призрак смотрителя убежища             # local_vars=10
VVSDoor.int     ; Уб 27: дверь ведущая на пост смотрителя       # local_vars=0
VVSBibl.int     ; Уб 27: библиотечный терминал до починки       # local_vars=2
VVCGhstB.int    ; Уб 27: призраки на стадии побега              # local_vars=8
VVSBasa.int     ; Уб 27: пост смотрителя                        # local_vars=2
EncSlvA.int     ; world: рабы на встрече Конвой                 # local_vars=7
EncSlvB.int     ; world: наемники на встрече Конвой             # local_vars=7
EncSlvC.int     ; world: лидер наемников на встрече Конвой      # local_vars=10
VCScnc.int      ; Вилла: ученый из убежища 27                   # local_vars=10
PCScnc.int      ; Феникс: ученый из убежища 27                  # local_vars=10
NCScnc.int      ; КНуэвa: ученый из убежища 27                  # local_vars=10
VCCtzHom.int    ; Вилла: вернувшийся крестьянин в жилом районе  # local_vars=10
VICtzHom.int    ; Вилла: сундук в изолированном погребе         # local_vars=1
VSPolka.int     ; Вилла: потайной проход в подвале ратуши       # local_vars=0
VCOld.int       ; Вилла: старейшина на Совете                   # local_vars=10
PVSLift.int     ; Уб 25: шахты лифтов                           # local_vars=0
PVSConsl.int    ; Уб 25: пульт управления бронедверью           # local_vars=1
PVTExp.int      ; Уб 25: тригер на входе в убежище              # local_vars=1
PVCGrd.int      ; Уб 25: стражи убежища                         # local_vars=8
PVCOvrsr.int    ; Уб 25: Советник на посту смотрителя           # local_vars=14
PVSCompA.int    ; Уб 25: компьютер Советника                    # local_vars=5
PVCScnst.int    ; Уб 25: главный ученый                         # local_vars=10
PVCAstnt.int    ; Уб 25: ассистенты в лаборатории               # local_vars=10
PVSCompB.int    ; Уб 25: компьютер в лаборатории                # local_vars=5
PVCRobot.int    ; Уб 25: роботы-охранники                       # local_vars=10
PVCHandy.int    ; Уб 25: мистер Помощник                        # local_vars=10
PVCPost.int     ; Уб 25: охрана у входа                         # local_vars=10
PVSSintz.int    ; Уб 25: синтезатор одежды                      # local_vars=3
PVSCnsl.int     ; Уб 25: консоль силовых полей у тюрьмы         # local_vars=2
PVCCtzn.int     ; Уб 25: житель убежища 25                      # local_vars=10
PVCMedic.int    ; Уб 25: медик                                  # local_vars=10
PVCSlave.int    ; Уб 25: подопытные в камерах                   # local_vars=8
PVSBomb.int     ; Уб 25: ядерная бомба                          # local_vars=5
PVCPtrl.int     ; Уб 25: патрульный в центре управления         # local_vars=10
PCMaster.int    ; Феникс: Повелитель Феникса                    # local_vars=14
ZTLaser.int     ; gen: тригер ловушки - мономалекуляр или лазер # local_vars=1
PCMstrRb.int    ; Феникс: робоглазы Повелителя Феникса          # local_vars=8
PCCltA.int      ; Феникс: рядовые Последователи Огня            # local_vars=10
PCCltB.int      ; Феникс: Последователь Огня - фанатик          # local_vars=10
PCCltC.int      ; Феникс: Последователь Огня - адекват          # local_vars=10
PCCltSpy.int    ; Феникс: Последователь Огня - скептик          # local_vars=10
PCCltDlg.int    ; Феникс: делегат в Соборе                      # local_vars=10
PSElktr.int     ; Феникс: электрощит в Соборе                   # local_vars=2
TCBoss.int      ; ТуСан: лидер жестянщиков                      # local_vars=14
TCBarter.int    ; ТуСан: интендант                              # local_vars=14
TCNext.int      ; ТуСан: ревизор рабов на старте карты          # local_vars=10
TCOvrsr.int     ; ТуСан: инструктор рабов в ангаре              # local_vars=10
TCSlavs.int     ; ТуСан: рабы в ангаре жестянщиков              # local_vars=8
TCMedic.int     ; ТуСан: медик жестянщиков                      # local_vars=10
TCTins.int      ; ТуСан: типовой жестянщик                      # local_vars=10
TCCtzn.int      ; ТуСан: типовой житель ТуСана                  # local_vars=8
TSCmpBos.int    ; ТуСан: компьютер лидера жестянщиков           # local_vars=4
TCPadre.int     ; ТуСан: отец ГГ в Запретной Зоне               # local_vars=10
TCSlvVll.int    ; ТуСан: крестьянин из Виллы с отцом ГГ         # local_vars=10
TCSlvTlk.int    ; ТуСан: раб в Запретной Зоне                   # local_vars=10
TCCarlos.int    ; ТуСан: Карлос из Виллы                        # local_vars=10
TCHandy.int     ; ТуСан: мистер Помощник в ангаре               # local_vars=10
TCRobot.int     ; ТуСан: робот на карте свалки                  # local_vars=10
TCZAX.int       ; ТуСан: великий ZAX                            # local_vars=5
TSZAXCmp.int    ; ТуСан: компьютер аварийного ЭМИ взрыва        # local_vars=3
TTLift.int      ; ТуСан: шахты лифтов                           # local_vars=0
TSCnslTp.int    ; ТуСан: консоль для отключения ловушек         # local_vars=2
TSElctr.int     ; ТуСан: электрощит для включения света         # local_vars=2
TSZAXUpg.int    ; ТуСан: компьютер логического модуля ZAX       # local_vars=1
TSBarier.int    ; ТуСан: силовой барьер в воротах кладбища      # local_vars=0
TSCmpBar.int    ; ТуСан: модулятор силового барьера             # local_vars=2
TSMingun.int    ; ТуСан: съемный миниган на винтокрыле          # local_vars=2
TCCtzMed.int    ; ТуСан: больной жестянщик в больнице           # local_vars=10
TCCtzTlk.int    ; ТуСан: житель для разговора                   # local_vars=10
TCZAXRbt.int    ; ТуСан: робот-информатор от ZAX в поселении    # local_vars=10
TCMotel.int     ; ТуСан: администратор мотеля                   # local_vars=10
TCCrvGrd.int    ; ТуСан: караванщики в мотеле                   # local_vars=8
TCCrvBos.int    ; ТуСан: купец Кларк идущий в Пуэрто            # local_vars=10
TCCult.int      ; ТуСан: посол культа Огня из Феникса           # local_vars=10
TCGate.int      ; ТуСан: жестянщик-привратник                   # local_vars=10
TCCrvQst.int    ; ТуСан: обманутый покупатель деталей           # local_vars=10
TCSlvCtz.int    ; ТуСан: раб возле ангара разгребающий мусор    # local_vars=10
TCKid.int       ; ТуСан: жестянщик с конфликтом личности        # local_vars=10
TCBndSlv.int    ; ТуСан: Старый Город - типовой беглый раб      # local_vars=10
TCBndBos.int    ; ТуСан: Старый Город - главарь беглых рабов    # local_vars=10
TCBndRng.int    ; ТуСан: Старый Город - дозорный в логове рабов # local_vars=10
DCCtznA.int     ; КГранде: поселенец типовой                    # local_vars=8
DCCtznB.int     ; КГранде: поселенец 1                          # local_vars=10
DCCtznC.int     ; КГранде: поселенец 2                          # local_vars=10
TSWrkTbA.int    ; ТуСан: верстак 1                              # local_vars=2
TSWrkTbB.int    ; ТуСан: верстак 2                              # local_vars=2
TSWrkTbC.int    ; ТуСан: верстак 3                              # local_vars=2
TSBody.int      ; ТуСан: тело налетчика на карте кафе           # local_vars=2
TCTinWpn.int    ; ТуСан: жестянщик чистящий оружие              # local_vars=10
TSShovel.int    ; ТуСан: сломанная лопата на кладбище техники   # local_vars=2
ZSNwsppr.int    ; gen: газетный автомат с потайным лутом        # local_vars=2
RCFrmBnd.int    ; Рейнджеры: бандит возле фермеров              # local_vars=14
RCFrmMan.int    ; Рейнджеры: фермер 1                           # local_vars=10
RCFrmWmn.int    ; Рейнджеры: фермер 2                           # local_vars=10
RSFrmRpr.int    ; Рейнджеры: сломанный водный бак фермеров      # local_vars=2
RCPostA.int     ; Рейнджеры: часовой 1                          # local_vars=10
RCPostB.int     ; Рейнджеры: часовой 2                          # local_vars=10
RCIntndt.int    ; Рейнджеры: интендант                          # local_vars=14
RCRngJcl.int    ; Рейнджеры: выживший после Шакалов             # local_vars=10
RCDumOvr.int    ; Рейнджеры: смотритель дамбы                   # local_vars=10
RSDumRpr.int    ; Рейнджеры: сломанное оборудование дамбы       # local_vars=2
RCRngWmn.int    ; Рейнджеры: Агата у генерала - союз с Шакалами # local_vars=10
RCRngRad.int    ; Рейнджеры: связистка на радиостанции          # local_vars=10
GCEugene.int    ; ГаражСити: Юджин Саймон                       # local_vars=12
GCEugPap.int    ; ГаражСити: отец Юджина Саймона                # local_vars=12
GCGate.int      ; ГаражСити: привратник                         # local_vars=10
GCPit.int       ; ГаражСити: механик в гараже                   # local_vars=14
GCBoss.int      ; ГаражСити: начальник картеля мусорщиков       # local_vars=12
GCMercJc.int    ; ГаражСити: наемники для атаки на Шакалов      # local_vars=10
ZSIguan.int     ; gen: стандартная ловушка на игуан             # local_vars=3
VSRprPlk.int    ; Вилла: разрушенные полки в спальном районе    # local_vars=2
PCBrtrA.int     ; Феникс: торговец в оружейном магазине         # local_vars=20
PCBrtrB.int     ; Феникс: торговец барахлом                     # local_vars=14
PCBrtrC.int     ; Феникс: торговец нарядами                     # local_vars=14
PCBrtrD.int     ; Феникс: торговец закусочной                   # local_vars=14
PCDrgdlr.int    ; Феникс: продавец дури                         # local_vars=14
BCLthr.int      ; СБрамин: кожевенник                           # local_vars=14
SCIntndt.int    ; Пуэрто: интендант                             # local_vars=14
SCBoss.int      ; Пуэрто: генерал-паладин                       # local_vars=15
VCChrisB.int    ; Вилла: Крис на карте развалин                 # local_vars=10
VCCrzCtz.int    ; Вилла: крестьянин ищущий Криса на Вилле       # local_vars=10
VCMsngr.int     ; Вилла: ребенок носящий еду Крису              # local_vars=10
VCCrzEnm.int    ; Вилла: крестьянин ищущий Криса в Развалинах   # local_vars=10
PCCasCas.int    ; Феникс: кассир в казино                       # local_vars=12
PCCasBar.int    ; Феникс: бармен в казино                       # local_vars=14
PCCasSpk.int    ; Феникс: зазывала казино                       # local_vars=10
PCCasAlc.int    ; Феникс: пьяница на улице                      # local_vars=8
PCCrvBos.int    ; Феникс: купец Марко идущий в ТуСан            # local_vars=10
RCRngMap.int    ; Рейнджеры: картограф                          # local_vars=10
RCGrvTlk.int    ; Рейнджеры: крестьянин у могил                 # local_vars=10
RSDorDum.int    ; Рейнджеры: дверь в надстройку на дамбе        # local_vars=5
RCComndr.int    ; Рейнджеры: полевой командир Хелфорд           # local_vars=14
RCCadetA.int    ; Рейнджеры: кадеты на тренировке               # local_vars=10
RCAgata.int     ; Рейнджеры: Агата куратор кадетов              # local_vars=10
RCCadetB.int    ; Рейнджеры: кадет в приемной                   # local_vars=10
ZIRadio.int     ; gen: рация                                    # local_vars=0
RILoot.int      ; Рейнджеры: тайник под кактусом для радиосвязи # local_vars=1
RSRprRar.int    ; Рейнджеры: радиопередатчик в подсобке         # local_vars=2
RCBezhA.int     ; Рейнджеры: беженец-мать                       # local_vars=10
RCBezhB.int     ; Рейнджеры: беженец-ребенок                    # local_vars=10
RCParom.int     ; Рейнджеры: паромщик                           # local_vars=10
RSParom.int     ; Рейнджеры: механизм парома                    # local_vars=2
RSRetrns.int    ; Рейнджеры: шпионский ретранслятор             # local_vars=2
RCPresly.int    ; Рейнджеры: курсант Пресли                     # local_vars=10
GCImgrnt.int    ; ГаражСити: беженцы                            # local_vars=10
GCBarmen.int    ; ГаражСити: бармен                             # local_vars=12
VIBonus.int     ; Вилла: контейнер с бонусным лутом             # local_vars=1
RSMapPnt.int    ; Рейнджеры: маркеры для изучения в Кварце      # local_vars=1
RCRngQrz.int    ; Рейнджеры: рейнджер на карте Кварца           # local_vars=10
ZSMeat.int      ; gen: мясо на костре                           # local_vars=1
RSRadio.int     ; Рейнджеры: радиостанция                       # local_vars=2
RCSlave.int     ; Рейнджеры: отрабатывающий дань                # local_vars=10
RCStory.int     ; Рейнджеры: рейнджер с геройскими историями    # local_vars=10
RCFlick.int     ; Рейнджеры: бродячий торговец                  # local_vars=14
RCFlkKid.int    ; Рейнджеры: охранник бродячего торговца        # local_vars=10
RCFlkBrm.int    ; Рейнджеры: брамин бродячего торговца          # local_vars=8
RSFonar.int     ; Рейнджеры: фонарные столбы у инфоцентра       # local_vars=0
RCRatKng.int    ; Рейнджеры: крысиный вожак Нат-Аани            # local_vars=8
RCWshKid.int    ; Рейнджеры: мальчик в Гьерс-Уош                # local_vars=10
RCWshMan.int    ; Рейнджеры: отец в Гьерс-Уош                   # local_vars=10
RCWshWmn.int    ; Рейнджеры: мать в Гьрес-Уош                   # local_vars=10
RCWshBnd.int    ; Рейнджеры: бандит в Гьерс-Уош                 # local_vars=10
RSCmpDum.int    ; Рейнджеры: пульт управления электростанцией   # local_vars=3
RSCmpSrv.int    ; Рейнджеры: общий компьютер на электростанции  # local_vars=3
RSWinch.int     ; Рейнджеры: подъемный механизм затворов дамбы  # local_vars=2
VCKidPwr.int    ; Вилла: девочка с реакцией на силовую броню    # local_vars=10
RCCtzPsn.int    ; Рейнджеры: житель отравленный ядер-колой      # local_vars=10
RCGart.int      ; Рейнджеры: ветеран живущий у Акведука         # local_vars=10
GCBarStp.int    ; ГаражСити: приставалы в баре                  # local_vars=10
GCMotel.int     ; ГаражСити: владелец мотеля                    # local_vars=10
GSCmptr.int     ; ГаражСити: компьютер босса в гараже           # local_vars=2
GCClansA.int    ; ГаражСити: мусорщик клана 1                   # local_vars=8
GCClansB.int    ; ГаражСити: мусорщик клана 2                   # local_vars=8
GCClanA.int     ; ГаражСити: босс клана 1                       # local_vars=10
GCClanB.int     ; ГаражСити: босс клана 2                       # local_vars=10
GCDed.int       ; ГаражСити: старик                             # local_vars=12
GCLucas.int     ; ГаражСити: Лукас на карте завода              # local_vars=10
GCLcsBnd.int    ; ГаражСити: люди Лукаса на карте завода        # local_vars=10
GCBossB.int     ; ГаражСити: начальник гильдии на карте 66      # local_vars=10
GCCrvBos.int    ; ГаражСити: начальник каравана на карте 66     # local_vars=10
GCCrvGrd.int    ; ГаражСити: охранник каравана на карте 66      # local_vars=8
GCLucasB.int    ; ГаражСити: Лукас на карте 66                  # local_vars=10
GCLcsGrd.int    ; ГаражСити: охранник Лукаса на карте 66        # local_vars=8
GCBosGrd.int    ; ГаражСити: охранник Когана на карте 66        # local_vars=8
GCLcsRbt.int    ; ГаражСити: роботы на Заводе                   # local_vars=8
GSCmpRbt.int    ; ГаражСити: терминал охраны на Заводе          # local_vars=2
GSStanok.int    ; ГаражСити: станок на Заводе                   # local_vars=2
GCCtzn.int      ; ГаражСити: рядовой житель Гаража              # local_vars=8
GCCtzA.int      ; ГаражСити: житель в доме у гаража             # local_vars=10
GCBarCtz.int    ; ГаражСити: посетитель бара                    # local_vars=10
GCCtzRad.int    ; ГаражСити: больной в общежитии                # local_vars=10
GCBrmBrm.int    ; ГаражСити: брамин на карте скотоводов         # local_vars=10
GCBrmAtk.int    ; ГаражСити: нападающие на карте скотоводов     # local_vars=10
GCBrmPsA.int    ; ГаражСити: старший пастух на карте скотоводов # local_vars=10
GCBrmPsB.int    ; ГаражСити: младший пастух на карте скотоводов # local_vars=10
TSCultDd.int    ; ТуСан: труп огнепоклонника на столбе          # local_vars=2
PCCltSpk.int    ; Феникс: Последователь Огня - проповедник      # local_vars=10
PCCltBk.int     ; Феникс: Последователь Огня - книгочей         # local_vars=10
PCCltRg.int     ; Феникс: шпион-беглец от рейнджеров в Соборе   # local_vars=10
PSSltDtr.int    ; Феникс: сломанные слот-машины после взрыва    # local_vars=3
PSRadio.int     ; Феникс: радиостанция в Соборе                 # local_vars=3
PCCltRad.int    ; Феникс: связист на радиостанции в Соборе      # local_vars=10
PCCltRun.int    ; Феникс: беженцы после взрыва Собора           # local_vars=10
PSCltBk.int     ; Феникс: библиотека Последователей в Соборе    # local_vars=1
PSPictur.int    ; Феникс: картина в Соборе                      # local_vars=0
PCCltBhp.int    ; Феникс: проповедник у главных ворот города    # local_vars=10
PCCrvGrd.int    ; Феникс: типовой охранник каравана             # local_vars=10
PCCltLzr.int    ; Феникс: бродяги перед Собором                 # local_vars=8
PCCasGrd.int    ; Феникс: охрана казино                         # local_vars=8
PCCasGmr.int    ; Феникс: клиенты казино                        # local_vars=8
PCDon.int       ; Феникс: Дон Диего                             # local_vars=14
PCMigel.int     ; Феникс: Дядюшка Мигель                        # local_vars=10
PCLloyd.int     ; Феникс: болтливый нищий у рынка               # local_vars=14
PCCtzn.int      ; Феникс: рядовой горожанин или прохожий        # local_vars=8
PCGopStp.int    ; Феникс: уличный грабитель с самопалом         # local_vars=10
PCScvatr.int    ; Феникс: скваттеры в канализации               # local_vars=8
PCCasAdm.int    ; Феникс: администратор казино                  # local_vars=10
PCCasCrp.int    ; Феникс: крупье в казино                       # local_vars=10
PCCasTlk.int    ; Феникс: посетитель казино у бара для диалога  # local_vars=10
PCMerkBs.int    ; Феникс: шеф гильдии наемников                 # local_vars=10
PCMerkGd.int    ; Феникс: охранник в гильдии наемников          # local_vars=10
PSMerkAd.int    ; Феникс: информационный штендер наемников      # local_vars=10
PCBdBos.int     ; Феникс: Вернон распорядитель в трущобах       # local_vars=10
PCBdCtz.int     ; Феникс: рядовой житель трущоб                 # local_vars=8
PCBdDed.int     ; Феникс: мусорщик со стажем в трущобах         # local_vars=10
PCBdKid.int     ; Феникс: дети трущоб                           # local_vars=8
PCBdLoh.int     ; Феникс: лошина среди жителей трущоб           # local_vars=10
PCBdNark.int    ; Феникс: наркоман в трущобах                   # local_vars=10
PCTrener.int    ; Феникс: Железный Майк                         # local_vars=10
PCRngBos.int    ; Феникс: босс арены                            # local_vars=10
PCRngGrd.int    ; Феникс: телохранитель босса арены             # local_vars=8
PCRngBoy.int    ; Феникс: типовые зрители арены                 # local_vars=8
PCRngBar.int    ; Феникс: продавец на арене                     # local_vars=12
PCRngCrp.int    ; Феникс: покалеченный боец на арене            # local_vars=10
PCRngEnm.int    ; Феникс: соперники ГГ на арене                 # local_vars=8
PIMapPnx.int    ; Феникс: карта города в инвентаре              # local_vars=0
PCBdTlk1.int    ; Феникс: семья беженцев - муж                  # local_vars=10
PCBdTlk2.int    ; Феникс: семья беженцев - жена                 # local_vars=10
PCBdBkr.int     ; Феникс: бандиты у байка в трущобах            # local_vars=10
PCScvTlk.int    ; Феникс: скваттер для диалога                  # local_vars=10
PSDudWtd.int    ; Феникс: плакат розыска ГГ за его злодеяния    # local_vars=1
PCEnmClt.int    ; Феникс: бандиты поджидающие ГГ возле GunsShop # local_vars=10
DCMcCord.int    ; КГранде: Гил МакКорд стрелок из Феникса       # local_vars=10
ZSCmbStp.int    ; gen: запрет на использование объекта в бою    # local_vars=0
ZCBandit.int    ; gen: типовой бандит на карте мира             # local_vars=7
EncAtmnA.int    ; Феникс: 1й атаман Лос Панчос на карте мира    # local_vars=7
EncAtmnB.int    ; Феникс: 2й атаман Лос Панчос на карте мира    # local_vars=7
EncAtmnC.int    ; Феникс: 3й атаман Лос Панчос на карте мира    # local_vars=7
PCCltKid.int    ; Феникс: ребенок с сообщением по квесту шпиона # local_vars=10
PCCasVrc.int    ; Феникс: певица Вероника                       # local_vars=10
PSCasSgn.int    ; Феникс: парадный вход в казино                # local_vars=0
PCCasBel.int    ; Феникс: коридорный в казино                   # local_vars=10
ZSDorCls.int    ; gen: самозакрывающиеся двери (без замка)      # local_vars=0
PCMusKid.int    ; Феникс: ребенок поющий на улице               # local_vars=10
PCKidVor.int    ; Феникс: ребенок-воришка на рынке              # local_vars=10
PSBrtrA.int     ; Феникс: оружейный магазин                     # local_vars=0
PSBrtrB.int     ; Феникс: лавочка барахольщика на рынке         # local_vars=0
PSBrtrC.int     ; Феникс: лавочка одежды на рынке               # local_vars=0
PSBrtrD.int     ; Феникс: лавочка закусочной на рынке           # local_vars=0
PCCasJck.int    ; Феникс: крупье за игрой в блэкджек            # local_vars=10
PTCasExt.int    ; Феникс: тригер вход в закрытую часть казино   # local_vars=0
PCCasTel.int    ; Феникс: охрана казино в подвале и у Диего     # local_vars=8
PCDonWmn.int    ; Феникс: жены дона Диего                       # local_vars=8
ZCCrvBrm.int    ; gen: типовой брамин караванщиков              # local_vars=7
SSTorped.int    ; Пуэрто: ядерные торпеды                       # local_vars=3
FCFarmA.int     ; Флагстафф: фермер захваченной фермы           # local_vars=8
FCFarmB.int     ; Флагстафф: захватчики фермы                   # local_vars=8
RCCadetC.int    ; Рейнджеры: кадет в столовой                   # local_vars=8
RSQrzStr.int    ; Рейнджеры: спуск в потайной подвал Кварца     # local_vars=0
TSBndRad.int    ; ТуСан: Старый Город - объект для облучения    # local_vars=3
HCRunchA.int    ; Эрмосильо: Домингес                           # local_vars=8
HCRunchB.int    ; Эрмосильо: жена Домингеса                     # local_vars=7
HCRunchC.int    ; Эрмосильо: дети Домингеса                     # local_vars=7
HCSolder.int    ; Эрмосильо: рядовые в форте                    # local_vars=7
HCBoss.int      ; Эрмосильо: генерал Сарабия                    # local_vars=9
HCPost.int      ; Эрмосильо: постовой в форте                   # local_vars=9
HSComp.int      ; Эрмосильо: компьютер в генштабе               # local_vars=2
HCPrisnr.int    ; Эрмосильо: военнопленные                      # local_vars=10
HCRobot.int     ; Эрмосильо: армейские роботы                   # local_vars=8
FTRbtAcm.int    ; Флагстафф: тригер для звука бурового робота   # local_vars=1
PCAnlGhl.int    ; Феникс: гуль в коллекторе                     # local_vars=8
PCPrtznA.int    ; Феникс: лидер повстанцев                      # local_vars=10
PCPrtznB.int    ; Феникс: правая рука лидера повстанцев         # local_vars=10
PCPrtznC.int    ; Феникс: типовые повстанцы                     # local_vars=8
PSAnlBlc.int    ; Феникс: обвалы после взрыва в Соборе          # local_vars=0
EncGold.int     ; world: умирающий c золотом                    # local_vars=7
EncBibl.int     ; world: Генри Бимис                            # local_vars=7
EncGlas.int     ; world: очки Генри Бимиса                      # local_vars=2
EncBook.int     ; world: книга Генри Бимиса                     # local_vars=0
EncCafA.int     ; world: мужчина в Придорожном Кафе             # local_vars=10
EncCafB.int     ; world: женщина в Придорожном Кафе             # local_vars=10
ZSTblDmt.int    ; gen: верстак для снаряжения динамита          # local_vars=2
ZCRedRdr.int    ; gen: Рэд Райдер убийца убийц детей            # local_vars=8
RCAcvCtz.int    ; Рейнджеры: типовой житель Акведука            # local_vars=7
RCAcvKid.int    ; Рейнджеры: типовой ребенок Акведука           # local_vars=7
RCAcvEmg.int    ; Рейнджеры: эмигрант в Акведуке                # local_vars=7
RCAcvBnd.int    ; Рейнджеры: подручный рейнджера в Акведуке     # local_vars=8
RTDeads.int     ; Рейнджеры: тригер у тел в катакомбах акведука # local_vars=0
PSAnlCom.int    ; Феникс: интерком повстанцев в коллекторе      # local_vars=0
HSGnrtr.int     ; Эрмосильо: генератор                          # local_vars=2
HSFonar.int     ; Эрмосильо: уличный фонарь                     # local_vars=0
PCPrtznD.int    ; Феникс: партизан в руинах на задании          # local_vars=8
PCPrtznE.int    ; Феникс: сектанты в руинах ищущие партизана    # local_vars=8
SCPost.int      ; Пуэрто: постовой на входе в корабль БС        # local_vars=8
PSPrtznF.int    ; Феникс: усилитель радиосигнала у партизан     # local_vars=2
PCCtzBld.int    ; Феникс: убийца-нищеброд возле Собора          # local_vars=8
SSCmpTpd.int    ; Пуэрто: компьютер управления торпедами        # local_vars=2
TCCody.int      ; ТуСан: ребенок Коди среди жестянщиков         # local_vars=8
TCScvr.int      ; ТуСан: член БС выживший после взрыва Пуэрто   # local_vars=8
PCFlgRun.int    ; Феникс: беженец из уничтоженного Флагстаффа   # local_vars=8
PCTcnRun.int    ; Феникс: безработный караванщик из ТуСана      # local_vars=8
ZTRotat.int     ; gen: болванка для переориентации ГГ на входе  # local_vars=0
ZSTblUzi.int    ; gen: верстак для починки ПП                   # local_vars=2
DCRanger.int    ; КГранде: рейнджер по квесту Харда             # local_vars=8
DCKidTlk.int    ; КГранде: ребенок с гранатой                   # local_vars=8
RSDum.int       ; Рейнджеры: разрушенная надстройка             # local_vars=0
DCRlctA.int     ; КГранде: магистральщик-командир на складе     # local_vars=8
DCRlctB.int     ; КГранде: рядовой магистральщик на складе      # local_vars=8
DSGrave.int     ; КГранде: могила с обвалом в подвал            # local_vars=2
DSGravB.int     ; КГранде: могила с обвалом в подвал (переход)  # local_vars=0
GSArmor.int     ; ГаражСити: броня для починки в хижине         # local_vars=2
DCMer.int       ; КГранде: мэр города                           # local_vars=10
DCMerDch.int    ; КГранде: дочь мэра                            # local_vars=9
DCMerGrd.int    ; КГранде: телохранители мэра                   # local_vars=8
DCWtrBrt.int    ; КГранде: водный торговец                      # local_vars=10
DCAlien.int     ; КГранде: новый владелец купальни              # local_vars=9
DCWtrAtk.int    ; КГранде: нападающий на водного торговца       # local_vars=9
DCWtrGrd.int    ; КГранде: охрана на водной станции             # local_vars=8
DCWtrBos.int    ; КГранде: лидер водных торговцев               # local_vars=10
DCCrvGrd.int    ; КГранде: типовой караванщик                   # local_vars=8
DCCrvBos.int    ; КГранде: вожак каравана                       # local_vars=10
AnimNght.int    ; gen: ночная смена кадра у объекта             # local_vars=0
PCBdStiv.int    ; Феникс: житель трущоб по квесту почты         # local_vars=8
PCRedBos.int    ; Феникс: лидер красных кардиналов              # local_vars=10
PCRedTlk.int    ; Феникс: правая рука вожака кардиналов         # local_vars=8
PCRedGrd.int    ; Феникс: типовой красный кардинал              # local_vars=8
DSWtrRpr.int    ; КГранде: насосная станция                     # local_vars=2
DSBthRpr.int    ; КГранде: нагревательная система купальни      # local_vars=2
DSBarMus.int    ; КГранде: музыкальный автомат в баре           # local_vars=2
DCBarBos.int    ; КГранде: лидер магистралов в баре             # local_vars=8
DCBarRdr.int    ; КГранде: рядовой магистрал в баре             # local_vars=8
DCBarDgh.int    ; КГранде: дочь мэра в баре при похищении       # local_vars=8
DCBarMer.int    ; КГранде: мэр на карте бара                    # local_vars=8
DCBarGrd.int    ; КГранде: телохранители мэра на карте бара     # local_vars=8
DCBarShf.int    ; КГранде: шеф водной станции на карте бара     # local_vars=8
DCCtznD.int     ; КГранде: поселенец у жд станции               # local_vars=8
DSBndBox.int    ; КГранде: похищенный груз на жд станции        # local_vars=0
DSBndInv.int    ; КГранде: объекты на жд станции по квесту      # local_vars=0
DCCtznE.int     ; КГранде: старик Гальегос                      # local_vars=8
DCMerStp.int    ; КГранде: подкупной охранник мэра              # local_vars=8
DSBthTbl.int    ; КГранде: стол в Купальне                      # local_vars=0
DSHead.int      ; КГранде: голова преступника на шесте          # local_vars=0
MCBoss.int      ; Магистралы: предводитель магистральщиков      # local_vars=10
RCMhvBos.int    ; Рейнджеры: лидер банды на Водокачке Мохаве    # local_vars=8
RCMhvBnd.int    ; Рейнджеры: бандит на Водокачке Мохаве         # local_vars=8
ICRobot.int     ; Инферно: роботы в полицейском участке         # local_vars=7
ISVentl.int     ; Инферно: воздухоочистители на стенах домов    # local_vars=2
ISCompA.int     ; Инферно: компьютер в полиц участке не рабочий # local_vars=2
ISCompB.int     ; Инферно: компьютер в полиц участке рабочий    # local_vars=3
MCRaider.int    ; Магистралы: типовой рейдер на базе            # local_vars=7
MCRio.int       ; Магистралы: Рио правая рука лидера            # local_vars=10
MCSlave.int     ; Магистралы: раб-каторжник                     # local_vars=7
MCPost.int      ; Магистралы: часовой                           # local_vars=7
MCBar.int       ; Магистралы: рейдер из бара КГранде            # local_vars=7
MCWife.int      ; Магистралы: наложница Бена                    # local_vars=7
MCPrison.int    ; Магистралы: рейдер-заложник у мэра в КГранде  # local_vars=7
MTTank.int      ; Магистралы: зона поражения топливного склада  # local_vars=0
MCBoys.int      ; Магистралы: дерущие рейдеры в бараке          # local_vars=7
MSTank.int      ; Магистралы: смена спрайта у топливного бака   # local_vars=0
PCRedPst.int    ; Феникс: постовой на базе красных кардиналов   # local_vars=7
PCRedPrn.int    ; Феникс: красный кардинал в тюрьме наемников   # local_vars=7
PCRedDed.int    ; Феникс: мертвый курьер в коллекторе           # local_vars=7
PCAtmBos.int    ; Феникс: управляющий АЭС                       # local_vars=7
PCAtmTlk.int    ; Феникс: помощник лидера Рабочих-Атомщиков     # local_vars=7
PCAtmWrk.int    ; Феникс: типовой рабочий-атомщик               # local_vars=7
PCAtmBld.int    ; Феникс: травмированный рабочий-атомщик        # local_vars=7
PCAtmRbt.int    ; Феникс: робот Мистер Помощник на АЭС          # local_vars=7
PCAtmBrt.int    ; Феникс: интендант на АЭС                      # local_vars=7
PSAtmStm.int    ; Феникс: поврежден система охлаждения на АЭС   # local_vars=2
PSAtmCmp.int    ; Феникс: компьютер на станции АЭС              # local_vars=2
PSAtmElc.int    ; Феникс: электрощит в подвале АЭС              # local_vars=2
PCAtmClt.int    ; Феникс: монах из Собора возле АЭС             # local_vars=7
PSAtmDor.int    ; Феникс: дверь к комнату управления АЭС        # local_vars=2
PCBdLohB.int    ; Феникс: должник квартплаты в трущобах         # local_vars=7
GSWhole.int     ; Гараж: колеса в гараже для починки байка ГГ   # local_vars=2
PIBdItem.int    ; Феникс: холодильники в трущобах               # local_vars=1
VCMigel.int     ; Вилла: дядюшка Мигель на Вилле                # local_vars=10
ICDry.int       ; Инферно: усохший гуль на стартовой карте      # local_vars=7
ISGame.int      ; Инферно: игровой автомат в супермаркете       # local_vars=4
ISPwrArm.int    ; Инферно: силовая броня в Особняке             # local_vars=3
ICMaster.int    ; Инферно: лидер разумных гулей в Особняке      # local_vars=10
ICLabBos.int    ; Инферно: гуль-ученый в Особняке               # local_vars=8
ICLabrnt.int    ; Инферно: типовые гули-ассистенты в Особняке   # local_vars=7
ICGate.int      ; Инферно: начальник охраны в Особняке          # local_vars=7
ICGrd.int       ; Инферно: типовая охрана в Особняке            # local_vars=7
ICPaladn.int    ; Инферно: паладин                              # local_vars=10
ICApoc.int      ; Инферно: выживший Последователь Апокалипсиса  # local_vars=8
ISMusic.int     ; Инферно: музыкальный автомат в баре           # local_vars=3
ISFair.int      ; Инферно: пожарная тревога в супермаркете      # local_vars=2
ISTotem.int     ; Инферно: тотемы гулей                         # local_vars=1
FSFlag.int      ; Флагстафф: флаг Аризоны на стене бара         # local_vars=0
SCShpBoy.int    ; Пуэрто: Юнга                                  # local_vars=8
SCSlave.int     ; Пуэрто: раб-уборщик на палубе                 # local_vars=8
SCScrBos.int    ; Пуэрто: верховный писарь                      # local_vars=10
SCScribe.int    ; Пуэрто: рядовой писарь                        # local_vars=7
SCMedic.int     ; Пуэрто: медик в лазарете                      # local_vars=8
SCBell.int      ; Пуэрто: рядовой Белл в лазарете               # local_vars=8
SCCook.int      ; Пуэрто: повар в столовой                      # local_vars=8
SCSldTlk.int    ; Пуэрто: рядовой с рассказами в столовой       # local_vars=8
SSWheel.int     ; Пуэрто: штурвал в рулевой рубке               # local_vars=1
SSCmpBos.int    ; Пуэрто: компьютер командования                # local_vars=2
SSCmpSrb.int    ; Пуэрто: компьютер писарей                     # local_vars=2
SSLadder.int    ; Пуэрто: трап на корабль                       # local_vars=2
SILink.int      ; Пуэрто: нейролинк для ПипБоя                  # local_vars=0
SCPldnA.int     ; Пуэрто: типовой солдат-паладин                # local_vars=7
SCPldnB.int     ; Пуэрто: младший паладин с рассказом в каюте   # local_vars=8
SCInstr.int     ; Пуэрто: инструктор в тренировочном зале       # local_vars=8
SIPlazmo.int    ; Пуэрто: сломанное плазменное ружье на столе   # local_vars=2
SCPatrul.int    ; Пуэрто: начальник патруля                     # local_vars=10
PCCltBld.int    ; Феникс: травмированный нищий у церкви         # local_vars=8
RCCouncl.int    ; Рейнджеры: полевые командиры на Совете        # local_vars=7
VCPosolA.int    ; Вилла: посол от рейнджеров                    # local_vars=8
VCPosolB.int    ; Вилла: посол от Братства Стали                # local_vars=8
PCEndBnd.int    ; Феникс: уличные бандиты после финала игры     # local_vars=7
RCEndBnd.int    ; Рейнджеры: бандиты после финала игры          # local_vars=7
GSFabric.int    ; ГаражСити: смена внешнего вида стены завода   # local_vars=0
GSLaser.int     ; ГаражСити: лазерное оружие для ремонта        # local_vars=2
PCGhost.int     ; Феникс: призраки у взорванного Собора         # local_vars=7
PCEndRkt.int    ; Феникс: рэкетиры в трущобах после финала игры # local_vars=7
DCBarmen.int    ; КГранде: бармен в баре после финала игры      # local_vars=10
SCCmpBos.int    ; Пуэрто: полевой командир БС в квесте руралес  # local_vars=8
SCCmpSld.int    ; Пуэрто: рядовые паладины БС в квесте руралес  # local_vars=7
SCCmpCmd.int    ; Пуэрто: командиры бандитов руралес            # local_vars=8
SCCmpBnd.int    ; Пуэрто: рядовые бандиты руралес               # local_vars=7
SCCmpCrv.int    ; Пуэрто: караванщик-заложник у руралес         # local_vars=8
NCSilosA.int    ; КНуэвa: администратор бетонного завода        # local_vars=8
NCSilosB.int    ; КНуэвa: рядовой рабочий бетонного завода      # local_vars=7
VSKerama.int    ; Вилла: глиняный круг для изготовления посуды  # local_vars=2
NCMer.int       ; КНуэвa: мэр Каса-Нуэвa                        # local_vars=10
NCHimadr.int    ; КНуэвa: химадор                               # local_vars=10
NCApcBos.int    ; КНуэвa: глава Последователей в Каса-Нуэвa     # local_vars=10
NSScrcrw.int    ; КНуэвa: пугало на плантации                   # local_vars=0
NCSpore.int     ; КНуэвa: типовой споронос                      # local_vars=6
NTInfo.int      ; КНуэвa: тригер в сарае для появления гулей    # local_vars=0
NCCitizn.int    ; КНуэвa: типовой житель города                 # local_vars=7
NCQuestA.int    ; КНуэвa: Розалия квестовый житель города       # local_vars=9
NCApcTch.int    ; КНуэвa: школьный учитель                      # local_vars=9
NCApcAst.int    ; КНуэвa: ассистент в клинике                   # local_vars=10
NCSherif.int    ; КНуэвa: комендант                             # local_vars=10
NCChild.int     ; КНуэвa: типовой ребенок                       # local_vars=7
NCQuestB.int    ; КНуэвa: житель для диалога                    # local_vars=7
NCChipo.int     ; КНуэвa: мальчик Чип                           # local_vars=7
NCPinki.int     ; КНуэвa: питомец Чипа                          # local_vars=7
NSCmpLab.int    ; КНуэвa: компьютер в Теплицах                  # local_vars=3
NSLabHmc.int    ; КНуэвa: химическая лаборатория в Теплицах     # local_vars=3
NCApcLab.int    ; КНуэвa: Обращенный Последователь в Теплицах   # local_vars=10
PSBxCola.int    ; Феникс: ящики на складе ядер-колы             # local_vars=0
MIBonus.int     ; Магистралы: ящик на складе с бонусами Удачи   # local_vars=0
ZSHole.int      ; gen: спуск без лестницы по веревке            # local_vars=0
JSRope.int      ; Шакалы: веревка сверху к складам              # local_vars=0
ZTPoison.int    ; gen: тригер общего отравления                 # local_vars=1
NSClimat.int    ; КНуэвa: управление микроклиматом в Теплицах   # local_vars=0
NSGenert.int    ; КНуэвa: резервный генератор в Теплицах        # local_vars=2
NSBlock.int     ; КНуэвa: завалы у входа в теплицы после пожара # local_vars=0
NSBlnGaz.int    ; КНуэвa: газовые баллоны в теплицах для пожара # local_vars=0
RCAcvCld.int    ; Рейнджеры: ребенок Акведука с находкой        # local_vars=7
EncLamnt.int    ; world: фермер на встрече с перекати-поле      # local_vars=7
EncLmnt1.int    ; world: перекати-поле 1 на спецвстрече Ламонта # local_vars=0
EncLmnt2.int    ; world: перекати-поле 2 на спецвстрече Ламонта # local_vars=0
EncLmnt3.int    ; world: перекати-поле 3 на спецвстрече Ламонта # local_vars=0
ZCSavage.int    ; gen: типовой дикарь на карте мира             # local_vars=7
ZCJackal.int    ; gen: типовой шакал на карте мира              # local_vars=7
ZCRaider.int    ; gen: типовой рейдер на карте мира             # local_vars=7
ZCBodys.int     ; gen: типовое мертвое тело на карте мира       # local_vars=0
ZCRdrWay.int    ; gen: типовой рейдер-магистрал на карте мира   # local_vars=7
ZTTriger.int    ; gen: типовой тригер событий на карте мира     # local_vars=0
ZCMexPtl.int    ; gen: мексиканский патруль на карте мира       # local_vars=7
ZCBosPtl.int    ; gen: патруль Братства на карте мира           # local_vars=7
ZCFarmer.int    ; gen: типовой фермер на карте мира             # local_vars=7
ZCTraper.int    ; gen: типовой охотник на карте мира            # local_vars=7
ZCMarodr.int    ; gen: типовой мусорщик на карте мира           # local_vars=7
ZCCrvGrd.int    ; gen: охранник каравана на карте мира          # local_vars=7
ZCCrvDlr.int    ; gen: торговец каравана на карте мира          # local_vars=7
ZCImgrnt.int    ; gen: иммигранты на карте мира                 # local_vars=7
ZCAlejo.int     ; gen: Алехо против мексиканцев на карте мира   # local_vars=7
ZCRanger.int    ; gen: типовые рейнджеры на карте мира          # local_vars=7
ZCPlgrm.int     ; gen: паломники-гули на карте мира             # local_vars=7
ZCHermit.int    ; gen: отшельник на карте мира в горах на ЮВ    # local_vars=7
ZCShybot.int    ; gen: робот на карте мира сторонящийся людей   # local_vars=7
ZCFisher.int    ; gen: типовой рыбак на карте мира              # local_vars=7
ZCPsyman.int    ; gen: психоман возле Феникса на карте мира     # local_vars=7
ZCMrHand.int    ; gen: мистер Помощник возле Феникса на карте м # local_vars=7
ZCFloatr.int    ; gen: типовой летун                            # local_vars=7
ZCCannbl.int    ; gen: каннибал на карте мира                   # local_vars=7
ZCWolf.int      ; gen: типовой волк                             # local_vars=7
ZCMaxx.int      ; gen: путешественник из Калифорнии             # local_vars=7
GCCtzB.int      ; ГаражСити: владелец сварочного аппарата       # local_vars=7
GCCtzC.int      ; ГаражСити: житель укравший свароч аппарат     # local_vars=7
MCMom.int       ; Мотель: мать мутантов                         # local_vars=7
MCBrthrA.int    ; Мотель: мутант-брат 1                         # local_vars=7
MCBrthrB.int    ; Мотель: мутант-брат 2                         # local_vars=7
MCBrthrC.int    ; Мотель: мутант-брат 3                         # local_vars=7
MSSwitch.int    ; Мотель: переключатель у морозильной камеры    # local_vars=0
MSGate.int      ; Мотель: ворота во двор                        # local_vars=0
MSDorCol.int    ; Мотель: дверь морозильной камеры              # local_vars=0
MCMtlBoy.int    ; Мотель: выживший пленник                      # local_vars=7
MCMtlNew.int    ; Мотель: переселенцы из Феникса во фриплее     # local_vars=7
MSMtlNew.int    ; Мотель: объекты окружения для фриплея         # local_vars=0
BCCitizn.int    ; СБрамин: обычный житель деревни               # local_vars=7
BCBoss.int      ; СБрамин: старейшина деревни                   # local_vars=10
BCBosKid.int    ; СБрамин: сын старейшины деревни               # local_vars=8
BCHeadA.int     ; СБрамин: жрица первой встречающая ГГ          # local_vars=8
BCHeadB.int     ; СБрамин: жрец у загона браминов               # local_vars=8
BCHeadC.int     ; СБрамин: жрец в поселении                     # local_vars=10
BCRanger.int    ; СБрамин: агент рейнджеров                     # local_vars=8
BCMisBos.int    ; СБрамин: лидер отряда миссионеров             # local_vars=10
BCMisSld.int    ; СБрамин: рядовой миссионер                    # local_vars=7
BCRoll.int      ; СБрамин: дикарь с телегой                     # local_vars=7
BSRoll.int      ; СБрамин: сломанная телега дикаря              # local_vars=2
BSFlag.int      ; СБрамин: появление флагов на стене ратуши     # local_vars=0
SCLumpy.int     ; Пуэрто: гуль Рябой по колесами байка          # local_vars=8
BSBrmGoo.int    ; СБрамин: браминье говно в загоне              # local_vars=7
BCChildA.int    ; СБрамин: типовые дети локации                 # local_vars=8
BCChildB.int    ; СБрамин: дети в Загонах                       # local_vars=8
BCChildC.int    ; СБрамин: дети в Погребенном Городе            # local_vars=8
BCSanBrm.int    ; СБрамин: священный брамин для фестиваля       # local_vars=7
BCRngrGd.int    ; СБрамин: рейнджер-охранник во фриплее         # local_vars=7
BCGarPst.int    ; СБрамин: выживший пастух из Гаража            # local_vars=7
BCFortun.int    ; СБрамин: гадалка на браминьей крови           # local_vars=7
BCCtznMt.int    ; СБрамин: женщина готовящая стейки             # local_vars=8
PCMisBos.int    ; Феникс: полевой командир Крук из Сан-Брамин   # local_vars=8
BCAidA.int      ; СБрамин: раненный скотовод 1                  # local_vars=7
BCAidB.int      ; СБрамин: раненный скотовод 1                  # local_vars=7
BCAidC.int      ; СБрамин: раненный скотовод 1                  # local_vars=7
BCCtzWar.int    ; СБрамин: воин племени                         # local_vars=8
VSBnsBlc.int    ; Вилла: гора камней перед входом в склеп       # local_vars=0
VCRobot.int     ; Вилла: робот возле склепа Основателя          # local_vars=8
BSZaval.int     ; Вилла: опасные участки стен для обвала        # local_vars=0
BCWarA.int      ; СБрамин: рейнджер Оскар на стычке             # local_vars=8
BCWarB.int      ; СБрамин: воин племени на стычке               # local_vars=8
EncBaron.int    ; world: барон Аризоны                          # local_vars=7
EncSnow.int     ; world: обледенелые фигуры                     # local_vars=0
EncComix.int    ; world: журнал комиксов Панчо Вилья            # local_vars=0
NCCtzTlk.int    ; КНуэвa: житель для диалога                    # local_vars=7
GCMotlB.int     ; ГаражСити: девушка в мотеле                   # local_vars=7
GCMotlC.int     ; ГаражСити: парни в мотеле                     # local_vars=7
FCMinGrd.int    ; Флагстафф: охранник в лагере рабочих          # local_vars=7
SIPwrArm.int    ; Пуэрто: силовая броня у интенданта            # local_vars=0
EncPadre.int    ; world: святой отец возле самолета             # local_vars=9
NCShfRob.int    ; КНуэвa: робот-охранник в городе               # local_vars=7
GSCaps.int      ; ГаражСити: фальшивокрышечный станок           # local_vars=0
GSTrlr.int      ; ГаражСити: спуск в подвал в трейлере          # local_vars=0
NSWanted.int    ; КНуэвa: плакат разыскивается ГГ               # local_vars=0
GCBarGmr.int    ; ГаражСити: игрок со стимулятором в баре       # local_vars=7
NCAlco.int      ; КНуэвa: пьяница у позорного столба            # local_vars=1
DCCtzPsn.int    ; КГранде: житель отравленный скорпионом        # local_vars=7
MCRdrBld.int    ; Магистралы: рейдер раненный                   # local_vars=7
PCMerkDd.int    ; Феникс: личный телохранитель ГГ               # local_vars=8
FCGrdPst.int    ; Флагстафф: часовой на улице в жилом районе    # local_vars=9
FCBody.int      ; Флагстафф: жертва нападения в жилом районе    # local_vars=0
FCSlvBld.int    ; Флагстафф: побитый раб на карте шахты         # local_vars=7
FCKidPap.int    ; Флагстафф: бывший надзиратель в жилом районе  # local_vars=7
FCMinPap.int    ; Флагстафф: новый надзиратель в шахте          # local_vars=7
MCRdrHak.int    ; Магистралы: рейдер-новичок Чак                # local_vars=7
ECRdrEnc.int    ; world: рейдер против охотников за головами    # local_vars=7
RSDumVen.int    ; Рейнджеры: вентилятор над входом в надстройку # local_vars=0
FCSavage.int    ; Флагстафф: дикарь на карте лагеря Уайнон      # local_vars=7
FCTraper.int    ; Флагстафф: охотник-заложник в лагере Уайнон   # local_vars=7
FSTotems.int    ; Флагстафф: тотемы дикарей в лагере Уайнон     # local_vars=0
FCSlvKnf.int    ; Флагстафф: каторжник с ножом в ангаре         # local_vars=7
EncVltS1.int    ; world: консоль управления дверью убежища      # local_vars=0
EncVltS2.int    ; world: генератор в убежище                    # local_vars=2
EncVltS3.int    ; world: компьютер в убежище                    # local_vars=2
EncVltC1.int    ; world: напарник паладин БС                    # local_vars=7
EncVltC2.int    ; world: встречающий житель убежища             # local_vars=7
EncVltC3.int    ; world: житель убежища М и Ж                   # local_vars=7
EncVltC4.int    ; world: поврежденный робоглаз                  # local_vars=7
BSStrBns.int    ; СБрамин: спуск в подземелье Святилища         # local_vars=0
RCAcvTlk.int    ; Рейнджеры: рыбак в центральном доме           # local_vars=7
EncMtntA.int    ; world: супермутанты на мобильной платформе    # local_vars=7
EncMtntB.int    ; world: супермутанты на мобильной платформе    # local_vars=7
EncMtntC.int    ; world: заложник на мобильной платформе        # local_vars=7
EncMtntD.int    ; world: реактор на мобильной платформе         # local_vars=0
SSCmpMus.int    ; Пуэрто: муз аппарат в Каборке                 # local_vars=3
PCScvAtm.int    ; Феникс: свидетель в канализации по квесту АЭС # local_vars=7
VCMineA.int     ; Вилла: Санчо после возвращения из шахты       # local_vars=8
VCMineB.int     ; Вилла: Уго после возвращения из шахты         # local_vars=8
NCCarlos.int    ; КНуэвa: Карлос из Виллы                       # local_vars=8
PCCltPtA.int    ; Феникс: партизаны во время осады собора       # local_vars=7
PCCltPtB.int    ; Феникс: лидер партизан во время осады собора  # local_vars=8
FCTrpPrt.int    ; Флагстафф: напарники от Фабера в Уайноне      # local_vars=8
SCPaul.int      ; Пуэрто: Пауль после возвращения из платформы  # local_vars=8
ACBoss.int      ; СанФелипе: лидер поселения                    # local_vars=8
ACCtzn.int      ; СанФелипе: типовой житель поселения           # local_vars=8
ACCtzRun.int    ; СанФелипе: бежавший из лачуги от монстров     # local_vars=8
ACCtzCav.int    ; СанФелипе: выживший в пещере монстров         # local_vars=8
ASFaro.int      ; СанФелипе: внешний вид маяка                  # local_vars=3
ASLampar.int    ; СанФелипе: лампа внутри маяка                 # local_vars=3
ATCave.int      ; СанФелипе: тригер для подрыва пещеры          # local_vars=0
ZSRprJnk.int    ; gen: объект для разбора Ремонтом              # local_vars=0
BCHunter.int    ; СанБрамин: следопыт в святилище               # local_vars=8
ISEd.int        ; Инферно: кости Эда из убежища 13              # local_vars=0
EncBarnB.int    ; world: соратники Барона Аризоны               # local_vars=7
EncBarnC.int    ; world: враги Барона Аризоны                   # local_vars=7
BCCrvnQt.int    ; СанБрамин: квест-караванщик идущий в Феникс   # local_vars=8
EncLgndA.int    ; world: встречающий робот в Легенд Сити        # local_vars=7
EncLgndB.int    ; world: мишень в Легенд Сити                   # local_vars=0
EncLgndC.int    ; world: муз автомат в Легенд Сити              # local_vars=0
CCCtzn.int      ; СантаАна: типовой житель                      # local_vars=7
CCChild.int     ; СантаАна: типовой ребенок                     # local_vars=7
CCBoss.int      ; СантаАна: староста                            # local_vars=9
CCPapa.int      ; СантаАна: соперник старосты и отец жертвы     # local_vars=9
CCNina.int      ; СантаАна: жертва                              # local_vars=9
CCNino.int      ; СантаАна: любовник жертвы                     # local_vars=9
CCBosGrd.int    ; СантаАна: сторонник старосты в церкви         # local_vars=7
CCCrvBos.int    ; СантаАна: караванщик после заключения союза   # local_vars=8
CCNinb.int      ; СантаАна: жертва на карте древнего кладбища   # local_vars=8
ZSMentat.int    ; gen: автомат с ментатами                      # local_vars=5
ZSWater.int     ; gen: ограниченный источник воды               # local_vars=2
EncInfrn.int    ; world: раненный супермутант возле Инферно     # local_vars=7
CSCar.int       ; СантаАна: автомобиль в гараже ветхого дома    # local_vars=2
EncBnkrt.int    ; world: фермер-банкрот                         # local_vars=7
BCCrvnSv.int    ; СанБрамин: дикари нападающие на караван       # local_vars=7
EncScrib.int    ; world: писарь-заложник на побережье у Пуэрто  # local_vars=7
CIShovel.int    ; СантаАна: рендомное размещение лопаты         # local_vars=0
NSGidro.int     ; КНуэвa: лаборатория гидролиза                 # local_vars=1
CSWrkTb.int     ; СантаАна: верстак в гараже                    # local_vars=2
ZTFire.int      ; gen: огненная ловушка из газового баллона     # local_vars=1
BookAsh.int     ; АддонФокса: продавец книг                     # local_vars=10
BookBox.int     ; АддонФокса: торговый бокс продавца книг       # local_vars=2
BookDog.int     ; АддонФокса: cобаки Эшли                       # local_vars=2
BookTrap.int    ; АддонФокса: книга "Ловушки"                   # local_vars=0
BookScie.int    ; АддонФокса: книга "Наука"                     # local_vars=0
BookEner.int    ; АддонФокса: книга "Энергия"                   # local_vars=0
BookBart.int    ; АддонФокса: книга "Торговля"                  # local_vars=0
BookGuns.int    ; АддонФокса: книга "Оружие"                    # local_vars=0
BookMedi.int    ; АддонФокса: книга "Медицина"                  # local_vars=0
BookRepr.int    ; АддонФокса: книга "Ремонт"                    # local_vars=0
BookScut.int    ; АддонФокса: книга "Выживание"                 # local_vars=0
BookUnar.int    ; АддонФокса: книга "Ближний бой"               # local_vars=0
BookLock.int    ; АддонФокса: книга "Современные замки"         # local_vars=0
AFCaptan.int    ; Платформа: староста деревни                   # local_vars=8
AFBarter.int    ; Платформа: торговец                           # local_vars=8
AFSeaman.int    ; Платформа: механик у лодки                    # local_vars=8
AFSick.int      ; Платформа: больной рыбак в деревне            # local_vars=8
AFFisher.int    ; Платформа: рядовой рыбак в деревне            # local_vars=8
AFBoat.int      ; Платформа: лодка для отправки на платформу    # local_vars=3
AFGirl.int      ; Платформа: Тельма                             # local_vars=8
AFTinTan.int    ; Платформа: забавный рыбак на берегу           # local_vars=8
AFCmpInf.int    ; Платформа: компьютер на жилом уровне          # local_vars=3
ZCSclpnd.int    ; gen: типовая сколопендра                      # local_vars=7
AFDetals.int    ; Платформа: разбираемое на детали оборудование # local_vars=2
AFCmpRad.int    ; Платформа: радиоаппаратура на платформе       # local_vars=3
AFCmpGrd.int    ; Платформа: охранный компьютер на платформе    # local_vars=3
AFGold.int      ; Платформа: кладоискатель                      # local_vars=8
ICStart.int     ; Сияние: караванщик для перехода в Сияние      # local_vars=8
SSCmpAlm.int    ; Пуэрто: отключение охраны и сирены в трюме    # local_vars=2
SSCmpLmp.int    ; Пуэрто: включение света в трюме               # local_vars=2
AFMom.int       ; Платформа: мать убиенного на берегу ребенка   # local_vars=8
AFTriger.int    ; Платформа: тригер для подрыва нефтеплатформы  # local_vars=0
ZSBootl.int     ; gen: мусор из бутылок                         # local_vars=0
AFCmpTrl.int    ; Платформа: терминалы для включения турелей    # local_vars=2
EncTsun.int     ; world: псих-жестянщик                         # local_vars=7
EncMexSc.int    ; world: мексиканец против сколопендры          # local_vars=7
AFGhoul.int     ; Платформа: гуль-призрак у маяка               # local_vars=7
AFGoldB.int     ; Платформа: злобный карлик у маяка             # local_vars=7
AFGoldC.int     ; Платформа: напарники карлика у маяка          # local_vars=7
AFBody.int      ; Платформа: тело умершего на берегу у маяка    # local_vars=0
YSVltDor.int    ; Сияние:                                       # local_vars=1
YSVltGen.int    ; Сияние:                                       # local_vars=2
YTVltLft.int    ; Сияние:                                       # local_vars=0
YTVltWtr.int    ; Сияние:                                       # local_vars=0
YTExp.int       ; Сияние:                                       # local_vars=1
YSEnd.int       ; Сияние:                                       # local_vars=0
YCBossA.int     ; Сияние:                                       # local_vars=9
YCBossB.int     ; Сияние:                                       # local_vars=9
YCBossC.int     ; Сияние:                                       # local_vars=9
YCCafeA.int     ; Сияние:                                       # local_vars=9
YCCafeB.int     ; Сияние:                                       # local_vars=9
YCShopA.int     ; Сияние:                                       # local_vars=9
YCShopB.int     ; Сияние:                                       # local_vars=9
YCCrvBos.int    ; Сияние:                                       # local_vars=9
YCBandA.int     ; Сияние:                                       # local_vars=9
YCBandB.int     ; Сияние:                                       # local_vars=7
YCBandC.int     ; Сияние:                                       # local_vars=7
IIDudBox.int    ; Сияние:                                       # local_vars=0
YCPtrlA.int     ; Сияние:                                       # local_vars=7
YCPtrlB.int     ; Сияние:                                       # local_vars=7
YCTunel.int     ; Сияние:                                       # local_vars=7
YCMrdr.int      ; Сияние:                                       # local_vars=9
YSTunel.int     ; Сияние:                                       # local_vars=0
YSRolBar.int    ; Сияние:                                       # local_vars=2
YCBarTlk.int    ; Сияние:                                       # local_vars=7
YCCtzn.int      ; Сияние:                                       # local_vars=7
YSJunk.int      ; Сияние:                                       # local_vars=1
YCRalf.int      ; Сияние:                                       # local_vars=7
YCTalius.int    ; Сияние:                                       # local_vars=7
YCGopStp.int    ; Сияние:                                       # local_vars=7
AFGhls.int      ; Платформа: дикие гули во фриплее              # local_vars=7
FSMeat.int      ; Флагстафф: вяленое мясо в лагере охотников    # local_vars=0
YSArena.int     ; Сияние:                                       # local_vars=1
YCRbtArn.int    ; Сияние:                                       # local_vars=7
YSFodMch.int    ; Сияние:                                       # local_vars=0
YSRprMch.int    ; Сияние:                                       # local_vars=3
YSTunl2.int     ; Сияние:                                       # local_vars=0
YCTalGhl.int    ; Сияние:                                       # local_vars=7
YSFonars.int    ; Сияние:                                       # local_vars=0
YSDumCnA.int    ; Сияние:                                       # local_vars=0
YSDumCnB.int    ; Сияние:                                       # local_vars=0
YSDumCnC.int    ; Сияние:                                       # local_vars=2
YSDumTrs.int    ; Сияние:                                       # local_vars=2
YSDumbaA.int    ; Сияние:                                       # local_vars=1
YSDumbaB.int    ; Сияние:                                       # local_vars=0
YSDumbaC.int    ; Сияние:                                       # local_vars=0
YSDorBlc.int    ; Сияние:                                       # local_vars=0
YSDumCmp.int    ; Сияние:                                       # local_vars=3
YSRadio.int     ; Сияние:                                       # local_vars=3
YCGomer.int     ; Сияние:                                       # local_vars=10
YCFungs.int     ; Сияние:                                       # local_vars=9
YSChlRop.int    ; Сияние:                                       # local_vars=0
YSDumbaD.int    ; Сияние:                                       # local_vars=0
YSRadPtl.int    ; Сияние:                                       # local_vars=2
PSBrtrE.int     ; Феникс: оружейный магазин                     # local_vars=0
YSChlGen.int    ; Сияние:                                       # local_vars=2
YCChlGhl.int    ; Сияние:                                       # local_vars=7
YTChlMsg.int    ; Сияние:                                       # local_vars=0
YSMonoDr.int    ; Сияние:                                       # local_vars=0
YSMonoJk.int    ; Сияние:                                       # local_vars=0
YSMonoGh.int    ; Сияние:                                       # local_vars=7
YSMonoAp.int    ; Сияние:                                       # local_vars=2
YSMonoMv.int    ; Сияние:                                       # local_vars=0
YSRadIsd.int    ; Сияние:                                       # local_vars=0
YSMusic.int     ; Сияние:                                       # local_vars=0
TSRprEmi.int    ; ТуСан: детали для сборки эми в Могильнике     # local_vars=2
TCSlvGrv.int    ; ТуСан: рабы на карте ангара в Могильнике      # local_vars=7
YSGuitar.int    ; Сияние:                                       # local_vars=2
YSChlHlg.int    ; Сияние:                                       # local_vars=2
YCCtzZzz.int    ; Сияние:                                       # local_vars=7
YCHsptlA.int    ; Сияние:                                       # local_vars=7
YCHsptlB.int    ; Сияние:                                       # local_vars=7
YCHsptlC.int    ; Сияние:                                       # local_vars=7
YCHsptlD.int    ; Сияние:                                       # local_vars=7
YSAutdoc.int    ; Сияние:                                       # local_vars=1
YSHspCps.int    ; Сияние:                                       # local_vars=0
YSHspGhl.int    ; Сияние:                                       # local_vars=0
YSHspRbt.int    ; Сияние:                                       # local_vars=0
YCCrvGrd.int    ; Сияние:                                       # local_vars=9
YCCrvLed.int    ; Сияние:                                       # local_vars=7
YCCrvRun.int    ; Сияние:                                       # local_vars=7
YSCrvBag.int    ; Сияние:                                       # local_vars=0
YCCrvMtn.int    ; Сияние:                                       # local_vars=7
YCRbtCrr.int    ; Сияние:                                       # local_vars=7
YCIsdMtA.int    ; Сияние:                                       # local_vars=7
YCIsdMtB.int    ; Сияние:                                       # local_vars=7
YTHolLvl.int    ; Сияние:                                       # local_vars=0
YSPress.int     ; Сияние:                                       # local_vars=1
YSHrtVnt.int    ; Сияние:                                       # local_vars=2
YSHrtCmp.int    ; Сияние:                                       # local_vars=3
YSHrtCmB.int    ; Сияние:                                       # local_vars=2
YTAzot.int      ; Сияние:                                       # local_vars=1
ZSBattry.int    ; gen: автомат ядерных батареек                 # local_vars=5
YSVltCmp.int    ; Сияние:                                       # local_vars=3
YSVltCmB.int    ; Сияние:                                       # local_vars=2
YCGhlMat.int    ; Сияние:                                       # local_vars=9
YCIsdOil.int    ; Сияние:                                       # local_vars=9
AFCmpJos.int    ; Платформа: записи Хосе Рене Руиса             # local_vars=0